[Licensing::Module] Trying to connect to existing licensing client channel...
Built from '6000.4/staging' branch; Version is '6000.4.4f1 (360f97ecca93) revision 3542935'; Using compiler version '194234433'; Build Type 'Release'
OS: 'Windows 11  (10.0.26200) Professional' Language: 'en' Physical Memory: 7872 MB
BatchMode: 1, IsHumanControllingUs: 0, StartBugReporterOnCrash: 0, Is64bit: 1
[Licensing::IpcConnector] Channel LicenseClient-HP doesn't exist
System  architecture: x64
Process architecture: x64
Date: 2026-10-06T05:44:31Z
[Licensing::Module] Successfully launched the LicensingClient (PId: 21384)

COMMAND LINE ARGUMENTS:
C:\Program Files\Unity\Hub\Editor\6000.4.4f1\Editor\Unity.exe
-batchmode
-quit
-projectPath
c:\GDD
-executeMethod
SpaceJet.Editor.SceneSetupHelper.BuildAllScenes
-logFile
c:\GDD\build_scenes.log
Successfully changed project path to: c:\GDD
C:/GDD
[UnityMemory] Configuration Parameters - Can be set up in boot.config
    "memorysetup-temp-allocator-size-gi-baking-worker=262144"
    "memorysetup-temp-allocator-size-gi-baking-worker=262144"
    "memorysetup-temp-allocator-size-gi-baking-worker=262144"
    "memorysetup-temp-allocator-size-gi-baking-worker=262144"
    "memorysetup-temp-allocator-size-gi-baking-worker=262144"
    "memorysetup-temp-allocator-size-nav-mesh-worker=65536"
    "memorysetup-temp-allocator-size-audio-worker=65536"
    "memorysetup-temp-allocator-size-cloud-worker=32768"
    "memorysetup-temp-allocator-size-gfx=262144"
    "memorysetup-temp-allocator-size-preload-manager=33554432"
    "memorysetup-temp-allocator-size-job-worker=262144"
    "memorysetup-temp-allocator-size-background-worker=32768"
    "memorysetup-allocator-temp-initial-block-size-main=262144"
    "memorysetup-allocator-temp-initial-block-size-worker=262144"
    "memorysetup-bucket-allocator-granularity=16"
    "memorysetup-bucket-allocator-bucket-count=8"
    "memorysetup-bucket-allocator-block-size=33554432"
    "memorysetup-bucket-allocator-block-count=8"
    "memorysetup-main-allocator-block-size=16777216"
    "memorysetup-thread-allocator-block-size=16777216"
    "memorysetup-gfx-main-allocator-block-size=16777216"
    "memorysetup-gfx-thread-allocator-block-size=16777216"
    "memorysetup-cache-allocator-block-size=4194304"
    "memorysetup-typetree-allocator-block-size=2097152"
    "memorysetup-profiler-bucket-allocator-granularity=16"
    "memorysetup-profiler-bucket-allocator-bucket-count=8"
    "memorysetup-profiler-bucket-allocator-block-size=33554432"
    "memorysetup-profiler-bucket-allocator-block-count=8"
    "memorysetup-profiler-allocator-block-size=16777216"
    "memorysetup-profiler-editor-allocator-block-size=1048576"
    "memorysetup-temp-allocator-size-main=16777216"
    "memorysetup-job-temp-allocator-block-size=2097152"
    "memorysetup-job-temp-allocator-block-size-background=1048576"
    "memorysetup-job-temp-allocator-reduction-small-platforms=262144"
Player connection [17236]  Target information:

Player connection [17236]  * "[IP] 10.33.118.253 [Port] 55504 [Flags] 2 [Guid] 3234765350 [EditorId] 3234765350 [Version] 1048832 [Id] WindowsEditor(7,KISHOR) [Debug] 1 [PackageName] WindowsEditor [ProjectName] Editor" 

Player connection [17236] Host joined multi-casting on [225.0.0.222:54997]...
Player connection [17236] Host joined alternative multi-casting on [225.0.0.222:34997]...
Input System module state changed to: Initialized.
[Physics::Module] Initialized fallback backend.
[Physics::Module] Id: 0xdecafbad
[Package Manager] Connected to IPC stream "Upm-16536" after 1.0 seconds.
[Licensing::Module] Licensing is not yet initialized.
[Licensing::IpcConnector] Successfully connected to: "LicenseClient-HP" at "2026-10-06T05:44:33.0011484Z"
[Licensing::Client] Handshaking with LicensingClient:
  Version:                 1.18.1+9fbee8e
  Session Id:              3ad9e0a5ffa24d20a9217b680636982f
  Correlation Id:          f17fd00d35b106b6f64bbeddd86ff5c1
  External correlation Id: 7799379887524836699
  Machine Id:              OKP12rEqxb5R1P41zHEmaox3No0=
[Licensing::Module] Successfully connected to LicensingClient on channel: "LicenseClient-HP" (connect: 1.94s, validation: 0.17s, handshake: 6.03s)
[Licensing::IpcConnector] Successfully connected to: "LicenseClient-HP-notifications" at "2026-10-06T05:44:39.2082313Z"
[Licensing::Module] Connected to LicensingClient (PId: 21384, launch time: 0.02, total connection time: 8.14s)
[Licensing::Module] Error: Access token is unavailable; failed to update
[Licensing::Client] Successfully resolved entitlement details
[Licensing::Module] License group:
  Id: 13469901316533-UnityPersXXXX
  Product: Unity Personal
  Type: Assigned
  Expiration: Unlimited
[Licensing::Client] Successfully updated license, isAsync: True, time: 0.03
[Licensing::Client] Successfully resolved entitlement details
[Licensing::Module] Licensing Background thread has ended after 8.28s
[Licensing::Module] Licensing is initialized (took 6.49s).
[Licensing::Client] Successfully resolved entitlement details
Library Redirect Path: Library/
[Physics::Module] Selected backend.
[Physics::Module] Name: PhysX
[Physics::Module] Id: 0xf2b8ea05
[Physics::Module] SDK Version: 4.1.2
[Physics::Module] Integration Version: 1.0.0
[Physics::Module] Threading Mode: Multi-Threaded
Initialize engine version: 6000.4.4f1 (360f97ecca93)
[Subsystems] Discovering subsystems at path C:/Program Files/Unity/Hub/Editor/6000.4.4f1/Editor/Data/Resources/UnitySubsystems
[Subsystems] Discovering subsystems at path C:/GDD/Assets
GfxDevice: creating device client; kGfxThreadingModeNonThreaded
Direct3D:
    Version:  Direct3D 11.0 [level 11.1]
    Renderer: Intel(R) Iris(R) Xe Graphics (ID=0x9a49)
    Vendor:   Intel
    VRAM:     3936 MB
    Driver:   32.0.101.7088
Initialize mono
Mono path[0] = 'C:/Program Files/Unity/Hub/Editor/6000.4.4f1/Editor/Data/Managed'
Mono path[1] = 'C:/Program Files/Unity/Hub/Editor/6000.4.4f1/Editor/Data/MonoBleedingEdge/lib/mono/unityjit-win32'
Mono config path = 'C:/Program Files/Unity/Hub/Editor/6000.4.4f1/Editor/Data/MonoBleedingEdge/etc'
Using monoOptions --debugger-agent=transport=dt_socket,embedding=1,server=y,suspend=n,address=127.0.0.1:56536
CodeReloadManager initialized
Using cacheserver namespaces - metadata:defaultmetadata, artifacts:defaultartifacts
Using cacheserver namespaces - metadata:defaultmetadata, artifacts:defaultartifacts
ImportWorker Server TCP listen port: 0
AcceleratorClientConnectionCallback - disconnected - :0
Begin MonoManager ReloadAssembly
Registering precompiled unity dll's ...
Register platform support module: C:/Program Files/Unity/Hub/Editor/6000.4.4f1/Editor/Data/PlaybackEngines/WindowsStandaloneSupport/UnityEditor.WindowsStandalone.Extensions.dll
Registered in 0.008267 seconds.
Native extension for WindowsStandalone target not found
Package Manager log level set to [2]
ScheduleIndexationOnStartup MainProcess:False IndexOnStartup:False
Mono: successfully reloaded assembly
- Finished resetting the current domain, in  1.440 seconds
Domain Reload Profiling: 3075ms
	BeginReloadAssembly (550ms)
		CreateAndSetChildDomain (29ms)
	RebuildCommonClasses (156ms)
	RebuildNativeTypeToScriptingClass (57ms)
	initialDomainReloadingComplete (252ms)
	LoadAllAssembliesAndSetupDomain (610ms)
		LoadAssemblies (512ms)
		AnalyzeDomain (580ms)
			TypeCache.Refresh (574ms)
				TypeCache.ScanAssembly (531ms)
	FinalizeReload (1450ms)
		SetupLoadedEditorAssemblies (0ms)
			InitializePlatformSupportModulesInManaged (134ms)
			BeforeProcessingInitializeOnLoad (262ms)
			ProcessInitializeOnLoadAttributes (388ms)
			ProcessInitializeOnLoadMethodAttributes (439ms)
[Licensing::Client] Successfully resolved entitlement details
Application.AssetDatabase Initial Refresh Start
[Package Manager] Restoring resolved packages state from cache
[Licensing::Client] Successfully resolved entitlement details
[Package Manager] Registered 37 packages:
  Built-in packages:
    com.unity.multiplayer.center@1.0.1 (location: C:\GDD\Library\PackageCache\com.unity.multiplayer.center@f01f4ba8d00a)
    com.unity.modules.accessibility@1.0.0 (location: C:\GDD\Library\PackageCache\com.unity.modules.accessibility)
    com.unity.modules.adaptiveperformance@1.0.0 (location: C:\GDD\Library\PackageCache\com.unity.modules.adaptiveperformance)
    com.unity.modules.ai@1.0.0 (location: C:\GDD\Library\PackageCache\com.unity.modules.ai)
    com.unity.modules.androidjni@1.0.0 (location: C:\GDD\Library\PackageCache\com.unity.modules.androidjni)
    com.unity.modules.animation@1.0.0 (location: C:\GDD\Library\PackageCache\com.unity.modules.animation)
    com.unity.modules.assetbundle@1.0.0 (location: C:\GDD\Library\PackageCache\com.unity.modules.assetbundle)
    com.unity.modules.audio@1.0.0 (location: C:\GDD\Library\PackageCache\com.unity.modules.audio)
    com.unity.modules.cloth@1.0.0 (location: C:\GDD\Library\PackageCache\com.unity.modules.cloth)
    com.unity.modules.director@1.0.0 (location: C:\GDD\Library\PackageCache\com.unity.modules.director)
    com.unity.modules.imageconversion@1.0.0 (location: C:\GDD\Library\PackageCache\com.unity.modules.imageconversion)
    com.unity.modules.imgui@1.0.0 (location: C:\GDD\Library\PackageCache\com.unity.modules.imgui)
    com.unity.modules.jsonserialize@1.0.0 (location: C:\GDD\Library\PackageCache\com.unity.modules.jsonserialize)
    com.unity.modules.particlesystem@1.0.0 (location: C:\GDD\Library\PackageCache\com.unity.modules.particlesystem)
    com.unity.modules.physics@1.0.0 (location: C:\GDD\Library\PackageCache\com.unity.modules.physics)
    com.unity.modules.physics2d@1.0.0 (location: C:\GDD\Library\PackageCache\com.unity.modules.physics2d)
    com.unity.modules.screencapture@1.0.0 (location: C:\GDD\Library\PackageCache\com.unity.modules.screencapture)
    com.unity.modules.terrain@1.0.0 (location: C:\GDD\Library\PackageCache\com.unity.modules.terrain)
    com.unity.modules.terrainphysics@1.0.0 (location: C:\GDD\Library\PackageCache\com.unity.modules.terrainphysics)
    com.unity.modules.tilemap@1.0.0 (location: C:\GDD\Library\PackageCache\com.unity.modules.tilemap)
    com.unity.modules.ui@1.0.0 (location: C:\GDD\Library\PackageCache\com.unity.modules.ui)
    com.unity.modules.uielements@1.0.0 (location: C:\GDD\Library\PackageCache\com.unity.modules.uielements)
    com.unity.modules.umbra@1.0.0 (location: C:\GDD\Library\PackageCache\com.unity.modules.umbra)
    com.unity.modules.unityanalytics@1.0.0 (location: C:\GDD\Library\PackageCache\com.unity.modules.unityanalytics)
    com.unity.modules.unitywebrequest@1.0.0 (location: C:\GDD\Library\PackageCache\com.unity.modules.unitywebrequest)
    com.unity.modules.unitywebrequestassetbundle@1.0.0 (location: C:\GDD\Library\PackageCache\com.unity.modules.unitywebrequestassetbundle)
    com.unity.modules.unitywebrequestaudio@1.0.0 (location: C:\GDD\Library\PackageCache\com.unity.modules.unitywebrequestaudio)
    com.unity.modules.unitywebrequesttexture@1.0.0 (location: C:\GDD\Library\PackageCache\com.unity.modules.unitywebrequesttexture)
    com.unity.modules.unitywebrequestwww@1.0.0 (location: C:\GDD\Library\PackageCache\com.unity.modules.unitywebrequestwww)
    com.unity.modules.vectorgraphics@1.0.0 (location: C:\GDD\Library\PackageCache\com.unity.modules.vectorgraphics)
    com.unity.modules.vehicles@1.0.0 (location: C:\GDD\Library\PackageCache\com.unity.modules.vehicles)
    com.unity.modules.video@1.0.0 (location: C:\GDD\Library\PackageCache\com.unity.modules.video)
    com.unity.modules.vr@1.0.0 (location: C:\GDD\Library\PackageCache\com.unity.modules.vr)
    com.unity.modules.wind@1.0.0 (location: C:\GDD\Library\PackageCache\com.unity.modules.wind)
    com.unity.modules.xr@1.0.0 (location: C:\GDD\Library\PackageCache\com.unity.modules.xr)
    com.unity.modules.subsystems@1.0.0 (location: C:\GDD\Library\PackageCache\com.unity.modules.subsystems)
    com.unity.modules.hierarchycore@1.0.0 (location: C:\GDD\Library\PackageCache\com.unity.modules.hierarchycore)
[Subsystems] No new subsystems found in resolved package list.
[Package Manager] Done registering packages in 0.05 seconds
[Package Manager] Done resolving packages in 9.48 seconds
[Licensing::Client] Successfully resolved entitlement details
[Package Manager] Lock file was modified
[Package Manager] Registered 38 packages:
  Built-in packages:
    com.unity.ugui@2.0.0 (location: C:\GDD\Library\PackageCache\com.unity.ugui@d8a2716f3013)
    com.unity.multiplayer.center@1.0.1 (location: C:\GDD\Library\PackageCache\com.unity.multiplayer.center@f01f4ba8d00a)
    com.unity.modules.accessibility@1.0.0 (location: C:\GDD\Library\PackageCache\com.unity.modules.accessibility)
    com.unity.modules.adaptiveperformance@1.0.0 (location: C:\GDD\Library\PackageCache\com.unity.modules.adaptiveperformance)
    com.unity.modules.ai@1.0.0 (location: C:\GDD\Library\PackageCache\com.unity.modules.ai)
    com.unity.modules.androidjni@1.0.0 (location: C:\GDD\Library\PackageCache\com.unity.modules.androidjni)
    com.unity.modules.animation@1.0.0 (location: C:\GDD\Library\PackageCache\com.unity.modules.animation)
    com.unity.modules.assetbundle@1.0.0 (location: C:\GDD\Library\PackageCache\com.unity.modules.assetbundle)
    com.unity.modules.audio@1.0.0 (location: C:\GDD\Library\PackageCache\com.unity.modules.audio)
    com.unity.modules.cloth@1.0.0 (location: C:\GDD\Library\PackageCache\com.unity.modules.cloth)
    com.unity.modules.director@1.0.0 (location: C:\GDD\Library\PackageCache\com.unity.modules.director)
    com.unity.modules.imageconversion@1.0.0 (location: C:\GDD\Library\PackageCache\com.unity.modules.imageconversion)
    com.unity.modules.imgui@1.0.0 (location: C:\GDD\Library\PackageCache\com.unity.modules.imgui)
    com.unity.modules.jsonserialize@1.0.0 (location: C:\GDD\Library\PackageCache\com.unity.modules.jsonserialize)
    com.unity.modules.particlesystem@1.0.0 (location: C:\GDD\Library\PackageCache\com.unity.modules.particlesystem)
    com.unity.modules.physics@1.0.0 (location: C:\GDD\Library\PackageCache\com.unity.modules.physics)
    com.unity.modules.physics2d@1.0.0 (location: C:\GDD\Library\PackageCache\com.unity.modules.physics2d)
    com.unity.modules.screencapture@1.0.0 (location: C:\GDD\Library\PackageCache\com.unity.modules.screencapture)
    com.unity.modules.terrain@1.0.0 (location: C:\GDD\Library\PackageCache\com.unity.modules.terrain)
    com.unity.modules.terrainphysics@1.0.0 (location: C:\GDD\Library\PackageCache\com.unity.modules.terrainphysics)
    com.unity.modules.tilemap@1.0.0 (location: C:\GDD\Library\PackageCache\com.unity.modules.tilemap)
    com.unity.modules.ui@1.0.0 (location: C:\GDD\Library\PackageCache\com.unity.modules.ui)
    com.unity.modules.uielements@1.0.0 (location: C:\GDD\Library\PackageCache\com.unity.modules.uielements)
    com.unity.modules.umbra@1.0.0 (location: C:\GDD\Library\PackageCache\com.unity.modules.umbra)
    com.unity.modules.unityanalytics@1.0.0 (location: C:\GDD\Library\PackageCache\com.unity.modules.unityanalytics)
    com.unity.modules.unitywebrequest@1.0.0 (location: C:\GDD\Library\PackageCache\com.unity.modules.unitywebrequest)
    com.unity.modules.unitywebrequestassetbundle@1.0.0 (location: C:\GDD\Library\PackageCache\com.unity.modules.unitywebrequestassetbundle)
    com.unity.modules.unitywebrequestaudio@1.0.0 (location: C:\GDD\Library\PackageCache\com.unity.modules.unitywebrequestaudio)
    com.unity.modules.unitywebrequesttexture@1.0.0 (location: C:\GDD\Library\PackageCache\com.unity.modules.unitywebrequesttexture)
    com.unity.modules.unitywebrequestwww@1.0.0 (location: C:\GDD\Library\PackageCache\com.unity.modules.unitywebrequestwww)
    com.unity.modules.vectorgraphics@1.0.0 (location: C:\GDD\Library\PackageCache\com.unity.modules.vectorgraphics)
    com.unity.modules.vehicles@1.0.0 (location: C:\GDD\Library\PackageCache\com.unity.modules.vehicles)
    com.unity.modules.video@1.0.0 (location: C:\GDD\Library\PackageCache\com.unity.modules.video)
    com.unity.modules.vr@1.0.0 (location: C:\GDD\Library\PackageCache\com.unity.modules.vr)
    com.unity.modules.wind@1.0.0 (location: C:\GDD\Library\PackageCache\com.unity.modules.wind)
    com.unity.modules.xr@1.0.0 (location: C:\GDD\Library\PackageCache\com.unity.modules.xr)
    com.unity.modules.subsystems@1.0.0 (location: C:\GDD\Library\PackageCache\com.unity.modules.subsystems)
    com.unity.modules.hierarchycore@1.0.0 (location: C:\GDD\Library\PackageCache\com.unity.modules.hierarchycore)
[Subsystems] No new subsystems found in resolved package list.
[Package Manager] Done registering packages in 0.00 seconds
[ScriptCompilation] Requested script compilation because: Assembly Definition File(s) changed
[ScriptCompilation] Requested script compilation because: AssetDatabase observed changes in script compilation related files
Starting: C:\Program Files\Unity\Hub\Editor\6000.4.4f1\Editor\Data\Tools\BuildPipeline\bee_backend.exe --ipc --defer-dag-verification --dagfile="Library/Bee/1900b0aE.dag" --continue-on-failure --profile="Library/Bee/backend1.traceevents" ScriptAssemblies
WorkingDir: C:/GDD
DisplayProgressbar: Compiling Scripts
ExitCode: 4 Duration: 0s351ms
Rebuilding DAG because FileSignature timestamp changed: Library/Bee/1900b0aE-inputdata.json
*** Tundra requires additional run (0.15 seconds), 0 items updated, 159 evaluated
Starting: C:\Program Files\Unity\Hub\Editor\6000.4.4f1\Editor\Data\netcorerun\netcorerun.exe "C:\Program Files\Unity\Hub\Editor\6000.4.4f1\Editor\Data\Tools\BuildPipeline\ScriptCompilationBuildProgram.exe" "Library/Bee/1900b0aE.dag.json" "Library/Bee/1900b0aE-inputdata.json" "Library\Bee\buildprogram0.traceevents"
WorkingDir: C:/GDD
ExitCode: 0 Duration: 0s896ms
Starting: C:\Program Files\Unity\Hub\Editor\6000.4.4f1\Editor\Data\Tools\BuildPipeline\bee_backend.exe --ipc --defer-dag-verification --dagfile="Library/Bee/1900b0aE.dag" --continue-on-failure --dagfilejson="Library\Bee\1900b0aE.dag.json" --profile="Library/Bee/backend2.traceevents" ScriptAssemblies
WorkingDir: C:/GDD
ExitCode: 0 Duration: 19s
Finished compiling graph: 233 nodes, 2070 flattened edges (1946 ToBuild, 20 ToUse), maximum node priority 118
[110/230    0s] WriteText Library/Bee/artifacts/1900b0aE.dag/UnityEngine.UI.UnityAdditionalFile.txt
[123/230    0s] WriteText Library/Bee/artifacts/1900b0aE.dag/UnityEngine.UI.rsp2
[144/230    0s] WriteText Library/Bee/artifacts/1900b0aE.dag/UnityEngine.UI.dll.mvfrm.rsp
[145/230    0s] WriteText Library/Bee/artifacts/1900b0aE.dag/UnityEngine.UI.rsp
[146/230    0s] WriteText Library/Bee/artifacts/1900b0aE.dag/UnityEditor.UI.UnityAdditionalFile.txt
[147/230    0s] WriteText Library/Bee/artifacts/1900b0aE.dag/UnityEditor.UI.rsp2
[148/230    0s] WriteText Library/Bee/artifacts/1900b0aE.dag/UnityEditor.UI.dll.mvfrm.rsp
[149/230    0s] WriteText Library/Bee/artifacts/1900b0aE.dag/UnityEditor.UI.rsp
[150/230    0s] WriteText Library/Bee/artifacts/1900b0aE.dag/Unity.InternalAPIEngineBridge.004.UnityAdditionalFile.txt
[152/230    0s] WriteText Library/Bee/artifacts/1900b0aE.dag/Unity.InternalAPIEngineBridge.004.rsp
[154/230    0s] WriteText Library/Bee/artifacts/1900b0aE.dag/Unity.InternalAPIEngineBridge.004.dll.mvfrm.rsp
[155/230    0s] WriteText Library/Bee/artifacts/1900b0aE.dag/Unity.TextMeshPro.rsp2
[156/230    0s] WriteText Library/Bee/artifacts/1900b0aE.dag/Unity.InternalAPIEngineBridge.004.rsp2
[157/230    0s] WriteText Library/Bee/artifacts/1900b0aE.dag/Unity.TextMeshPro.UnityAdditionalFile.txt
[159/230    0s] WriteText Library/Bee/artifacts/1900b0aE.dag/Unity.TextMeshPro.dll.mvfrm.rsp
[160/230    0s] WriteText Library/Bee/artifacts/1900b0aE.dag/Unity.TextMeshPro.rsp
[162/230    0s] WriteText Library/Bee/artifacts/1900b0aE.dag/Unity.Multiplayer.Center.Common.dll.mvfrm.rsp
[163/230    0s] WriteText Library/Bee/artifacts/1900b0aE.dag/UnityEditor.UI.Analytics.UnityAdditionalFile.txt
[164/230    0s] WriteText Library/Bee/artifacts/1900b0aE.dag/Unity.TextMeshPro.Editor.UnityAdditionalFile.txt
[165/230    0s] WriteText Library/Bee/artifacts/1900b0aE.dag/Unity.TextMeshPro.Editor.rsp2
[166/230    0s] WriteText Library/Bee/artifacts/1900b0aE.dag/Unity.Multiplayer.Center.Common.rsp
[167/230    0s] WriteText Library/Bee/artifacts/1900b0aE.dag/UnityEditor.UI.Analytics.rsp2
[168/230    0s] WriteText Library/Bee/artifacts/1900b0aE.dag/Unity.Multiplayer.Center.Editor.dll.mvfrm.rsp
[169/230    0s] WriteText Library/Bee/artifacts/1900b0aE.dag/Unity.TextMeshPro.Editor.dll.mvfrm.rsp
[170/230    0s] WriteText Library/Bee/artifacts/1900b0aE.dag/UnityEditor.UI.Analytics.dll.mvfrm.rsp
[171/230    0s] WriteText Library/Bee/artifacts/1900b0aE.dag/Unity.TextMeshPro.Editor.rsp
[172/230    0s] WriteText Library/Bee/artifacts/1900b0aE.dag/UnityEditor.UI.Analytics.rsp
[173/230    0s] WriteText Library/Bee/artifacts/1900b0aE.dag/Unity.Multiplayer.Center.Editor.rsp
[174/230    0s] WriteText Library/Bee/artifacts/1900b0aE.dag/Assembly-CSharp.rsp2
[175/230    0s] WriteText Library/Bee/artifacts/1900b0aE.dag/Assembly-CSharp.UnityAdditionalFile.txt
[176/230    0s] WriteText Library/Bee/artifacts/1900b0aE.dag/Assembly-CSharp.dll.mvfrm.rsp
[177/230    0s] WriteText Library/Bee/artifacts/1900b0aE.dag/Assembly-CSharp.rsp
[178/230    0s] WriteText Library/Bee/artifacts/1900b0aE.dag/Assembly-CSharp-Editor.rsp2
[179/230    0s] WriteText Library/Bee/artifacts/1900b0aE.dag/Assembly-CSharp-Editor.UnityAdditionalFile.txt
[180/230    0s] WriteText Library/Bee/artifacts/1900b0aE.dag/Assembly-CSharp-Editor.dll.mvfrm.rsp
[181/230    0s] WriteText Library/Bee/artifacts/1900b0aE.dag/Assembly-CSharp-Editor.rsp
[182/230    0s] MovedFromExtractor-Combine Library/Bee/artifacts/1900b0aE.dag/UnityEngine.UI.dll.mvfrm
[182/230    0s] Csc Library/Bee/artifacts/1900b0aE.dag/UnityEngine.UI.dll (+2 others) [CacheHit 46f5c2f7a0297e92d3d064cbe4e1e7ee00000000000000000000000000000006]
[183/230    0s] Csc Library/Bee/artifacts/1900b0aE.dag/UnityEngine.UI.dll (+2 others)
[185/230    0s] CopyFiles Library/ScriptAssemblies/UnityEngine.UI.pdb
[186/230    0s] CopyFiles Library/ScriptAssemblies/UnityEngine.UI.dll
[187/230    0s] MovedFromExtractor Library/Bee/artifacts/mvdfrm/UnityEngine.UI.ref.dll_08FEAA520A2EFD60.mvfrm
[188/230    0s] MovedFromExtractor-Combine Library/Bee/artifacts/1900b0aE.dag/UnityEditor.UI.dll.mvfrm
[187/230    0s] Csc Library/Bee/artifacts/1900b0aE.dag/UnityEditor.UI.dll (+2 others) [CacheHit ab8ccbe7ddadb0de03e7900821cda7e200000000000000000000000000000006]
[189/230    0s] Csc Library/Bee/artifacts/1900b0aE.dag/UnityEditor.UI.dll (+2 others)
[191/230    0s] CopyFiles Library/ScriptAssemblies/UnityEditor.UI.pdb
[192/230    0s] CopyFiles Library/ScriptAssemblies/UnityEditor.UI.dll
[193/230    0s] MovedFromExtractor Library/Bee/artifacts/mvdfrm/UnityEditor.UI.ref.dll_4C98D3F7040CD4F5.mvfrm
[194/230    0s] MovedFromExtractor-Combine Library/Bee/artifacts/1900b0aE.dag/Unity.InternalAPIEngineBridge.004.dll.mvfrm
[195/230    0s] MovedFromExtractor-Combine Library/Bee/artifacts/1900b0aE.dag/Unity.Multiplayer.Center.Common.dll.mvfrm
[193/230    0s] Csc Library/Bee/artifacts/1900b0aE.dag/Unity.InternalAPIEngineBridge.004.dll (+2 others) [CacheHit 0c3d920aeac16c9f4b1076b2c9058e3c00000000000000000000000000000006]
[196/230    0s] Csc Library/Bee/artifacts/1900b0aE.dag/Unity.InternalAPIEngineBridge.004.dll (+2 others)
[198/230    0s] CopyFiles Library/ScriptAssemblies/Unity.InternalAPIEngineBridge.004.pdb
[195/230    0s] Csc Library/Bee/artifacts/1900b0aE.dag/Unity.Multiplayer.Center.Common.dll (+2 others) [CacheHit 5eb08273ed9bed3445c18de3cdf41f2400000000000000000000000000000006]
[199/230    0s] Csc Library/Bee/artifacts/1900b0aE.dag/Unity.Multiplayer.Center.Common.dll (+2 others)
[201/230    0s] CopyFiles Library/ScriptAssemblies/Unity.InternalAPIEngineBridge.004.dll
[203/230    0s] CopyFiles Library/ScriptAssemblies/Unity.Multiplayer.Center.Common.pdb
[204/230    0s] CopyFiles Library/ScriptAssemblies/Unity.Multiplayer.Center.Common.dll
[205/230    0s] MovedFromExtractor-Combine Library/Bee/artifacts/1900b0aE.dag/Unity.Multiplayer.Center.Editor.dll.mvfrm
[206/230    0s] MovedFromExtractor Library/Bee/artifacts/mvdfrm/Unity.InternalAPIEngineBridge.004.ref.dll_9F91F1CFF2D20E26.mvfrm
[202/230    0s] Csc Library/Bee/artifacts/1900b0aE.dag/Unity.Multiplayer.Center.Editor.dll (+2 others) [CacheHit dcfdd01af9c63b3b09df55596b07ed9b00000000000000000000000000000006]
[207/230    0s] Csc Library/Bee/artifacts/1900b0aE.dag/Unity.Multiplayer.Center.Editor.dll (+2 others)
[209/230    0s] CopyFiles Library/ScriptAssemblies/Unity.Multiplayer.Center.Editor.pdb
[210/230    0s] CopyFiles Library/ScriptAssemblies/Unity.Multiplayer.Center.Editor.dll
[211/230    0s] MovedFromExtractor-Combine Library/Bee/artifacts/1900b0aE.dag/Unity.TextMeshPro.dll.mvfrm
[212/230    0s] MovedFromExtractor Library/Bee/artifacts/mvdfrm/Unity.Multiplayer.Center.Editor.ref.dll_EB1F4B6E56116D4A.mvfrm
[207/230    0s] Csc Library/Bee/artifacts/1900b0aE.dag/Unity.TextMeshPro.dll (+2 others) [CacheHit 78d595dd92226f41619c1bd1bf6c611c00000000000000000000000000000006]
[213/230    0s] Csc Library/Bee/artifacts/1900b0aE.dag/Unity.TextMeshPro.dll (+2 others)
[215/230    0s] CopyFiles Library/ScriptAssemblies/Unity.TextMeshPro.pdb
[216/230    0s] CopyFiles Library/ScriptAssemblies/Unity.TextMeshPro.dll
[217/230    0s] MovedFromExtractor Library/Bee/artifacts/mvdfrm/Unity.TextMeshPro.ref.dll_84A4293DBDD182DB.mvfrm
[218/230    0s] MovedFromExtractor-Combine Library/Bee/artifacts/1900b0aE.dag/Unity.TextMeshPro.Editor.dll.mvfrm
[219/230    0s] MovedFromExtractor-Combine Library/Bee/artifacts/1900b0aE.dag/UnityEditor.UI.Analytics.dll.mvfrm
[213/230    0s] Csc Library/Bee/artifacts/1900b0aE.dag/Unity.TextMeshPro.Editor.dll (+2 others) [CacheHit 4d169cabcc54b802bf1f72d4a23b64c300000000000000000000000000000006]
[220/230    0s] Csc Library/Bee/artifacts/1900b0aE.dag/Unity.TextMeshPro.Editor.dll (+2 others)
[222/230    0s] CopyFiles Library/ScriptAssemblies/Unity.TextMeshPro.Editor.pdb
[223/230    0s] CopyFiles Library/ScriptAssemblies/Unity.TextMeshPro.Editor.dll
[216/230    0s] Csc Library/Bee/artifacts/1900b0aE.dag/UnityEditor.UI.Analytics.dll (+2 others) [CacheHit 309b8940d9a35565c46a78c5bae8e33800000000000000000000000000000006]
[224/230    0s] Csc Library/Bee/artifacts/1900b0aE.dag/UnityEditor.UI.Analytics.dll (+2 others)
[226/230    0s] CopyFiles Library/ScriptAssemblies/UnityEditor.UI.Analytics.pdb
[227/230    0s] CopyFiles Library/ScriptAssemblies/UnityEditor.UI.Analytics.dll
[228/230    0s] MovedFromExtractor Library/Bee/artifacts/mvdfrm/Unity.TextMeshPro.Editor.ref.dll_159E061D77A10B86.mvfrm
[229/230    0s] MovedFromExtractor Library/Bee/artifacts/mvdfrm/UnityEditor.UI.Analytics.ref.dll_3B64A5A3A726AD5D.mvfrm
[230/230    0s] MovedFromExtractor-Combine Library/Bee/artifacts/1900b0aE.dag/Assembly-CSharp-Editor.dll.mvfrm
[231/230    0s] MovedFromExtractor-Combine Library/Bee/artifacts/1900b0aE.dag/Assembly-CSharp.dll.mvfrm
[BUSY       6s] Csc Library/Bee/artifacts/1900b0aE.dag/Assembly-CSharp.dll (+2 others)
[232/230   13s] Csc Library/Bee/artifacts/1900b0aE.dag/Assembly-CSharp.dll (+2 others)
[233/230    0s] CopyFiles Library/ScriptAssemblies/Assembly-CSharp.pdb
[234/230    0s] CopyFiles Library/ScriptAssemblies/Assembly-CSharp.dll
[235/230    0s] Csc Library/Bee/artifacts/1900b0aE.dag/Assembly-CSharp-Editor.dll (+2 others)
[236/230    0s] CopyFiles Library/ScriptAssemblies/Assembly-CSharp-Editor.dll
[237/230    0s] CopyFiles Library/ScriptAssemblies/Assembly-CSharp-Editor.pdb
*** Tundra build success (19.12 seconds), 75 items updated, 230 evaluated
AssetDatabase: script compilation time: 22.012948s
Begin MonoManager ReloadAssembly
Assembly Assembly-CSharp-Editor-firstpass.dll at Library/ScriptAssemblies/Assembly-CSharp-Editor-firstpass.dll not valid. Loading of assembly skipped.
Assembly Assembly-CSharp-firstpass.dll at Library/ScriptAssemblies/Assembly-CSharp-firstpass.dll not valid. Loading of assembly skipped.
Assembly Unity.Multiplayer.Center.Editor.Tests.dll at Library/ScriptAssemblies/Unity.Multiplayer.Center.Editor.Tests.dll not valid. Loading of assembly skipped.
Assembly Unity.Multiplayer.Center.Tests.dll at Library/ScriptAssemblies/Unity.Multiplayer.Center.Tests.dll not valid. Loading of assembly skipped.
Assembly Unity.TextMeshPro.Editor.Tests.dll at Library/ScriptAssemblies/Unity.TextMeshPro.Editor.Tests.dll not valid. Loading of assembly skipped.
Assembly Unity.TextMeshPro.Tests.dll at Library/ScriptAssemblies/Unity.TextMeshPro.Tests.dll not valid. Loading of assembly skipped.
Assembly UnityEditor.UI.Common.Tests.dll at Library/ScriptAssemblies/UnityEditor.UI.Common.Tests.dll not valid. Loading of assembly skipped.
Assembly UnityEditor.UI.EditorTests.dll at Library/ScriptAssemblies/UnityEditor.UI.EditorTests.dll not valid. Loading of assembly skipped.
Assembly UnityEngine.UI.Tests.dll at Library/ScriptAssemblies/UnityEngine.UI.Tests.dll not valid. Loading of assembly skipped.
Start importing Assets/Materials using Guid(34e6acef4b021da4099e4b55efb543df) (DefaultImporter) -> (Import Result ID: '3d48e63ba6b5765c39764aa485e2cd98') in 0.0671532 seconds [static dependencies only]. Details - ImportResultOutputID=8185574c6f1d5b172a288f8dee67c213 DependenciesID=b53b02b54b34d8770796dd06d680c21a StaticDependenciesID=0b17d21f176c56a73342d026fd5665cf 
Start importing Assets/Scenes using Guid(77055ffe0fc54bf4280e8609294e5f32) (DefaultImporter) -> (Import Result ID: '5e834242288bde411ffa0cce92005bcc') in 0.0131962 seconds [static dependencies only]. Details - ImportResultOutputID=b408a8f0230aab24b60a62f5bd8b77b6 DependenciesID=3854daa0e9aa5d03d30c56cd37a5be1f StaticDependenciesID=a21d52af1f2def8d46dc25c6de206389 
Start importing Assets/Prefabs using Guid(68e88db3f67ac7944bb36cb9a063af1d) (DefaultImporter) -> (Import Result ID: '7b368d66f09061b0c4b5c473257c8b36') in 0.0062106 seconds [static dependencies only]. Details - ImportResultOutputID=cf8be159101d3fed4c90e2ff5132c9f0 DependenciesID=2fa190f7034955cc685ec8a241948a9c StaticDependenciesID=b2440e128bcc958e5db1b992426f9141 
Start importing Assets/Scripts using Guid(fbc0bd096e480ac438ec266209da1ef4) (DefaultImporter) -> (Import Result ID: '29eb25378274c7a748b38b3681b3f390') in 0.0067708 seconds [static dependencies only]. Details - ImportResultOutputID=27a4cc3aa7da3c4fd93ee7ef0743fab3 DependenciesID=5eaed122b5474603b8dda4162735de70 StaticDependenciesID=3cebba9b03950db52a756e0dec0f2353 
Start importing Packages/com.unity.ugui using Guid(dc940c881784a58ca9ccba6c83c381d0) (DefaultImporter) -> (Import Result ID: 'b14124739c8b5a744a1bf3b5f66b612a') in 0.001413 seconds [static dependencies only]. Details - ImportResultOutputID=11ee3df3fae351d9a42d4b0ca34ec79f DependenciesID=adc3b6b85e765fe3d84a3966ae8065c1 StaticDependenciesID=37347ec65eea2cd37dbc267da33036fa 
Start importing Assets/Scripts/UI using Guid(e0aa2f1ba9154594bad7d09c49290aff) (DefaultImporter) -> (Import Result ID: 'd5824e2b83d094878b2f4be656d55d5c') in 0.003772 seconds [static dependencies only]. Details - ImportResultOutputID=1b517af9b3424928680779da5f9af5eb DependenciesID=4895259ecf68102588f48f5d1a52a220 StaticDependenciesID=6ee55d7195df6648791592c9907e3333 
Start importing Packages/com.unity.ugui/Editor Resources using Guid(d1a0a27327b54c3bac52a08929c33f81) (DefaultImporter) -> (Import Result ID: 'f064f7becba7b08255e5012064810331') in 0.0035854 seconds [static dependencies only]. Details - ImportResultOutputID=f11c8740fdc9120a45bf227fc32b06a1 DependenciesID=e3b226c75c391d35803ef56a94d63d12 StaticDependenciesID=70d0f0ab0f8f51ce6b7d037ffdd63c09 
Start importing Assets/Scripts/Audio using Guid(522bc197c47f9b544818bf16649feb0e) (DefaultImporter) -> (Import Result ID: '3464f0afcc75fd56d3fdfeba11f8a922') in 0.0050367 seconds [static dependencies only]. Details - ImportResultOutputID=b98b5ed9eca03063644bee978769f9a4 DependenciesID=12fe6504befaa6d78ce745a8ceb81625 StaticDependenciesID=d1bfe1db5bb8e33f15dff7c66756cb8b 
Start importing Assets/Scripts/Environment using Guid(92f798b3629eda44cbeee31a59472bb8) (DefaultImporter) -> (Import Result ID: 'd75cfc82b94d63514de8cdb24704fa80') in 0.0044788 seconds [static dependencies only]. Details - ImportResultOutputID=6019872d7370e0b3b47068f4e64a64a9 DependenciesID=2add6fe7571a1e33a2e0da55f131edc4 StaticDependenciesID=055e6be59e0512c29066a887d0bb99ea 
Start importing Assets/Scripts/Player using Guid(23b7dd188b30ef049ad0eda797dc9d4b) (DefaultImporter) -> (Import Result ID: 'ba3fb182e1ef44337d63348a620606c7') in 0.0069162 seconds [static dependencies only]. Details - ImportResultOutputID=5724aaf4acfdf7f22aee654f7cbf7621 DependenciesID=e6beecdae3257dad54baf29e514b0aff StaticDependenciesID=8a01ba78caa1ff2e8146b8c6b141606c 
Start importing Assets/Scripts/Collectibles using Guid(e64e3529c5ed3ed40a763a739464107f) (DefaultImporter) -> (Import Result ID: 'bb7d741ab92a3113e3ad07440c5a8d7b') in 0.005812 seconds [static dependencies only]. Details - ImportResultOutputID=e2ae3182fe3fcbda2fbffc340d0a52cc DependenciesID=bd1db05a7973745e196707b34104ac1b StaticDependenciesID=20e976f1b6e0f60b9be6c479cfd653df 
Start importing Packages/com.unity.ugui/Tests using Guid(d850db319a63d2546932ff76fe55a498) (DefaultImporter) -> (Import Result ID: '68ce35f16b6a5404b67a975b68c8f12b') in 0.0014923 seconds [static dependencies only]. Details - ImportResultOutputID=13fc7f3fbfbc33ff4d23fdac51dc42cf DependenciesID=2b8346cbea80c2038c2be45f9bc755d3 StaticDependenciesID=f8ebb507aabb026004a2444fe7112d06 
Start importing Assets/Scripts/Visuals using Guid(799b6fb84f835ec4ebc97c5ccc20e70d) (DefaultImporter) -> (Import Result ID: 'aca8181e754da1745e25d1af202b60d4') in 0.0053714 seconds [static dependencies only]. Details - ImportResultOutputID=e982d714aee9386c875070b8a03cb333 DependenciesID=c93187d6ee1cba04aec0d5d9bfde5b09 StaticDependenciesID=35797ffe915e02012c2f422621e19cec 
Start importing Packages/com.unity.ugui/Runtime using Guid(aa14b70e6a58c5b4fa6663623e3dca91) (DefaultImporter) -> (Import Result ID: '3e9a805f56b97c40b4ed128ffcd2f88e') in 0.0021731 seconds [static dependencies only]. Details - ImportResultOutputID=74fa5fd563f17ca07194673fed19e2da DependenciesID=93b9a5105c55c03a93b89625029439e2 StaticDependenciesID=54918a0f93ab86fc256ebfc8f3e001b4 
Start importing Assets/Scripts/Editor using Guid(2d01c3df5f1af804a8ee7eef4e085b0e) (DefaultImporter) -> (Import Result ID: '23dad0349ec2ff0af17cb0f87529608b') in 0.0052843 seconds [static dependencies only]. Details - ImportResultOutputID=0afe4000c114b705384c567374e7c23e DependenciesID=273f8b44fb60317c6ec8f44d3bbda60e StaticDependenciesID=b8e627e87e44860f96c0c9d0e8c11657 
Start importing Assets/Scripts/Core using Guid(3ebf62f96f19ec444a155cdaaa069db3) (DefaultImporter) -> (Import Result ID: 'b93b9e0692d448ab1199677e89ee04f1') in 0.004395 seconds [static dependencies only]. Details - ImportResultOutputID=be60352435a98be180ed7cab15789b8f DependenciesID=8af432432aa074d436f1269d3167baa2 StaticDependenciesID=bc0eef2e3575e9a31864e68496fc644b 
Start importing Packages/com.unity.ugui/Package Resources using Guid(5ec95f4d5b2d1f14e9ff8682562553f9) (DefaultImporter) -> (Import Result ID: 'af6ff9a683ca4c766027f4d25685fa3a') in 0.0028933 seconds [static dependencies only]. Details - ImportResultOutputID=32935111a4483620aa762fe5c6af5169 DependenciesID=fd249cac8031ebc558d87cb2180a1668 StaticDependenciesID=c8d6b8b2e53e0c1964ca9d5ce41d6b53 
Start importing Packages/com.unity.ugui/Editor using Guid(bee384ad5b4d1a843a018082e7db53cd) (DefaultImporter) -> (Import Result ID: '14325bf474c7004f1218cbd3f2a746cf') in 0.0027096 seconds [static dependencies only]. Details - ImportResultOutputID=3d5059e3fbc0499089720fe8b244d731 DependenciesID=570c1491a8c52f86237d739fb63f9ec3 StaticDependenciesID=ad259a5b81a9cfad42c0083aade85c0c 
Start importing Packages/com.unity.ugui/Editor/TMP using Guid(10d1425d9e87841d9a9deafe9e93a6f2) (DefaultImporter) -> (Import Result ID: '46b4e8efc90223278b41922c6df75fa6') in 0.0024309 seconds [static dependencies only]. Details - ImportResultOutputID=e697027add6a11c3cec8fc3ff162847c DependenciesID=ac5de1da752fe90c286c0e9ad81b82c4 StaticDependenciesID=33232fa193898206cab1f3f91ba16cc0 
Start importing Packages/com.unity.ugui/Runtime/TMP using Guid(619aadd8f276341ca84d7ad5a9c6db21) (DefaultImporter) -> (Import Result ID: '0039a009d9c191d943c108a32dcfbed5') in 0.002037 seconds [static dependencies only]. Details - ImportResultOutputID=b8bdd834e9deeaae5a0f531864351b45 DependenciesID=2ea6eccc7b996b2296f5d086b1fe4999 StaticDependenciesID=b14c35c09565535061140f3bb53007ea 
Start importing Packages/com.unity.ugui/Tests/Editor using Guid(936bea4b2545c4a4fad2e623b0f6371f) (DefaultImporter) -> (Import Result ID: '722562f94f0085a7508494105babc3cc') in 0.0015127 seconds [static dependencies only]. Details - ImportResultOutputID=74834a6dfa1c1d79eb4699c5bf6e9686 DependenciesID=0dfc004d1f6fb743d0da19bcaee624dc StaticDependenciesID=f65f435f055e99307fdc7e34c01dd662 
Start importing Packages/com.unity.ugui/Tests/Runtime using Guid(c545241cf2e56ec4997d7677f01ef43d) (DefaultImporter) -> (Import Result ID: '5339b68623f980c75f44f04b83d534fe') in 0.0013263 seconds [static dependencies only]. Details - ImportResultOutputID=d9aaae171eaf7c25481d398c37b26bab DependenciesID=b2b90cb9b37dc7a06ba3bac896f5f340 StaticDependenciesID=87b092e6a4629b10b7614e685728b62f 
Start importing Packages/com.unity.ugui/Editor/Analytics using Guid(c52726d811a9f66459355df6b0c3977b) (DefaultImporter) -> (Import Result ID: '43524b1a002964cf7897d6c835124f3e') in 0.0011118 seconds [static dependencies only]. Details - ImportResultOutputID=0894306b2bbcc1470502d087d5d56f7e DependenciesID=4222b1cb953efd51a79c2831b483b7ab StaticDependenciesID=c4593ba052aaec9f4977acee52ac9730 
Start importing Packages/com.unity.ugui/Editor/UGUI using Guid(278b6073a5bdd4362acd72ca43ff9e0d) (DefaultImporter) -> (Import Result ID: 'ac326484f7bdaa11bb88611c1772f0f4') in 0.002236 seconds [static dependencies only]. Details - ImportResultOutputID=c4bc09ca7f9027b7279d2c93e41fa890 DependenciesID=fcbc5c73624418aadc518bfff99f4184 StaticDependenciesID=30ca035f2403e98d1c821647c23c405e 
Start importing Packages/com.unity.ugui/Runtime/UGUI using Guid(1817d28a5343b4ec19b4ec7903730e2c) (DefaultImporter) -> (Import Result ID: '700e1a3bec9de3af35f6c9315b959c78') in 0.0029699 seconds [static dependencies only]. Details - ImportResultOutputID=b547af3890503fd4d079ef75f101effe DependenciesID=0036e2e443babc5441c3ce8203cee76f StaticDependenciesID=6586b505d935848123fd44ff14393869 
Start importing Packages/com.unity.ugui/Editor Resources/Textures using Guid(f8e6a2d47aba4c6c9b3c5a72d9f48da5) (DefaultImporter) -> (Import Result ID: 'f190b63d46a5ff0649e340c64ff10e30') in 0.0030494 seconds [static dependencies only]. Details - ImportResultOutputID=66c8f10a7e1a44477aa1eb5e9e628456 DependenciesID=3eea7cd40f8a71affaf43dec8f25c92d StaticDependenciesID=616afaf429c7ec271642142f4a1cf239 
Start importing Packages/com.unity.ugui/Editor Resources/Gizmos using Guid(e93ec7eb6de342aabd156833e253f838) (DefaultImporter) -> (Import Result ID: 'e9537c4b6c1f441480aed66a6d8fcb21') in 0.0019186 seconds [static dependencies only]. Details - ImportResultOutputID=cd94e43e05fdc234f5fb4ebcacdfefa5 DependenciesID=89de9bfe8995b4b4789888648a7376fd StaticDependenciesID=caa6581f37687ef0bb8210dcf988e46d 
Start importing Packages/com.unity.ugui/Runtime/InternalBridge using Guid(bab3a29ab4f214742a44add41efffb7d) (DefaultImporter) -> (Import Result ID: '658b5dcc90ea16eb3034ececa41ecb7a') in 0.0012515 seconds [static dependencies only]. Details - ImportResultOutputID=6a6add2bfc2dc333f92baea47e6e0109 DependenciesID=4dc6b11e3d22146e3cd29731205b3dd1 StaticDependenciesID=26abd0f79af78ef49e6fd786a84c2a84 
Start importing Packages/com.unity.ugui/Editor Resources/Shaders using Guid(2da27f5fe80a3a549ac7331d9f52f5f0) (DefaultImporter) -> (Import Result ID: 'ed0924e24eb33bc7c8c474c12f8d6f7a') in 0.0013869 seconds [static dependencies only]. Details - ImportResultOutputID=ad01ad344a2dca21621e751c6f523b7f DependenciesID=226dc181da431c4d762f2a180971d955 StaticDependenciesID=6b2f1d27925a4a934b89326cf6c5913f 
Start importing Packages/com.unity.ugui/Tests/Runtime/TMP using Guid(914613548ded44a43a59eb9852503f18) (DefaultImporter) -> (Import Result ID: '92723eb71903fd8fec91faf2bdfd66b1') in 0.0012649 seconds [static dependencies only]. Details - ImportResultOutputID=4131f13a038c16170385cf9410b4b193 DependenciesID=86c5f2bf44fd987e78f1346e6614d56e StaticDependenciesID=1b1017fdb3dd07c4f62938e42c67f1bd 
Start importing Packages/com.unity.ugui/Runtime/UGUI/Properties using Guid(32e2186f4598cff489784aae586f2215) (DefaultImporter) -> (Import Result ID: '968196015b40dad3bca09bade989f37f') in 0.0026082 seconds [static dependencies only]. Details - ImportResultOutputID=4ecad82563989f6a09e6cbfaf3680f09 DependenciesID=e8b8a1c88f124a80fbc52dc856e67e79 StaticDependenciesID=4dece0947e20887ee94aada317513820 
Start importing Packages/com.unity.ugui/Tests/Runtime/UGUI using Guid(53caebc5909234b4ebe1fcaf3dc913a5) (DefaultImporter) -> (Import Result ID: '0d701253e095449ece27c548b0b5d304') in 0.0030407 seconds [static dependencies only]. Details - ImportResultOutputID=6aa16b5368b8ac0e114d3229264df18e DependenciesID=51d9e56068e53be9200ea07ddc293ef6 StaticDependenciesID=e03bb7197a460a8489f85476bbf809bd 
Start importing Packages/com.unity.ugui/Runtime/UGUI/UI using Guid(742654cad2425334696ba6ed4495cfef) (DefaultImporter) -> (Import Result ID: '5ded0a59722f2a2bab9f7764c8c79d63') in 0.0027906 seconds [static dependencies only]. Details - ImportResultOutputID=8ff3d53d67e500e2fae06575293836fd DependenciesID=fb7046d99e6130c4cf72745eff581f15 StaticDependenciesID=026b84597fc8b098bf2920bfa6d71278 
Start importing Packages/com.unity.ugui/Editor/UGUI/UI using Guid(853edc343b78a7c4c81cbb3851d48c0a) (DefaultImporter) -> (Import Result ID: '1fbdc6933ab990fd5ecdc4613cfbb41d') in 0.0018314 seconds [static dependencies only]. Details - ImportResultOutputID=84520dc6aead40cec8a746c9ae2c63a7 DependenciesID=d1364f0f04a4eb2fc050ace70885e4c8 StaticDependenciesID=2e586a8bb2a4c4cf9b2e4bd1c1f41e60 
Start importing Packages/com.unity.ugui/Editor/UGUI/EventSystem using Guid(f525580684527b147b70cf94aaa70dbc) (DefaultImporter) -> (Import Result ID: 'd7836f171944f74f2ece943d48bbc584') in 0.0016188 seconds [static dependencies only]. Details - ImportResultOutputID=6f47476b8dbf2396a6f6ca52ca12f774 DependenciesID=18f62315f2a626bf0b20750163310a74 StaticDependenciesID=7c926bd6049aaa228d61dc6f480e8e46 
Start importing Packages/com.unity.ugui/Editor/Analytics/IAnalytic using Guid(77417b0f4cf6d334f916c64448d24133) (DefaultImporter) -> (Import Result ID: '3a13588f5a6c43552baf12f324539a6a') in 0.0013847 seconds [static dependencies only]. Details - ImportResultOutputID=5f08b126a5ef5799ef9cf785a0c2fc33 DependenciesID=faed22b25a4557660bfc001badf8b7a3 StaticDependenciesID=04227c1bbecf84d26ab85e3d338047eb 
Start importing Packages/com.unity.ugui/Editor/TMP/PropertyDrawers using Guid(ea7c31b5b377c314db28ad3fabbbd38d) (DefaultImporter) -> (Import Result ID: '11b3d827429308f67fd3320242fbc179') in 0.001061 seconds [static dependencies only]. Details - ImportResultOutputID=7738bd9ec2bcc816f976a61c7f772e16 DependenciesID=52156289a1be5b006609a1956654c1e1 StaticDependenciesID=b0b949c2a409abbf41744604fc5965b6 
Start importing Packages/com.unity.ugui/Tests/Editor/UGUI using Guid(fae3ac1997e164d1eba5fa5c417cbefd) (DefaultImporter) -> (Import Result ID: 'cbcc510b7b053fce8545e2fbcd5375ec') in 0.0023799 seconds [static dependencies only]. Details - ImportResultOutputID=cb1363e6db3c319736fc17cca82a74af DependenciesID=a94dbe79bffae9ecf2af3536b057d57f StaticDependenciesID=fe01a0b32f8996631250cc71ac03f226 
Start importing Packages/com.unity.ugui/Tests/Editor/TMP using Guid(3ddaad49a7bcb4087b403f2225d54840) (DefaultImporter) -> (Import Result ID: '39da0e97181014824f54bf3b554c9093') in 0.0037536 seconds [static dependencies only]. Details - ImportResultOutputID=184d39366074dd23ac507e22f3cd75a1 DependenciesID=60456d4e6b5aa2b837da8233dc5b62df StaticDependenciesID=7567c6c1567864eaa9f97c9ebef871c8 
Start importing Packages/com.unity.ugui/Tests/Editor/Common using Guid(cd9c8fc1c8d64d54ab1e22aae9678d84) (DefaultImporter) -> (Import Result ID: 'c360e00531257dec7998b9ea879a991a') in 0.0026523 seconds [static dependencies only]. Details - ImportResultOutputID=100594f13932649de4dcb5da6cf25517 DependenciesID=2d244ba8cbf1d06a7300291e8d851cea StaticDependenciesID=4ffa1ebfab913ee54cb589285a90518c 
Start importing Packages/com.unity.ugui/Editor/TMP/HDRP using Guid(eecc124dc0b994047aac97ccf8c8ed0a) (DefaultImporter) -> (Import Result ID: 'a0fb60ffa759fafdc21fc9c85d2ffa4a') in 0.0015664 seconds [static dependencies only]. Details - ImportResultOutputID=fa6292ce51fe93a356414a97c0ba90da DependenciesID=3d3696c3d5d8f3ac4409c54d12141327 StaticDependenciesID=9ea107b82841584f18e98ebc76a5bd4b 
Start importing Packages/com.unity.ugui/Runtime/UGUI/EventSystem using Guid(7f27709c942d91541be1fd6aa5cb3d78) (DefaultImporter) -> (Import Result ID: 'c16d36e9469e4d78b3c6b9c4118c5f58') in 0.0014488 seconds [static dependencies only]. Details - ImportResultOutputID=2f00aaabef6a5c70a6fdcb7457a3e54d DependenciesID=082a7e18baf6ac7487f03e6132778631 StaticDependenciesID=80ff30d88d86c4eff91271570234047f 
Start importing Packages/com.unity.ugui/Editor/UGUI/Properties using Guid(cf97e54bcd5479a46bdbade48da047cc) (DefaultImporter) -> (Import Result ID: 'ded2514f136d189a099d7ea21393f4ac') in 0.0011102 seconds [static dependencies only]. Details - ImportResultOutputID=a97d39d60b36d6007a3108af022e7d6f DependenciesID=1ade84b7768f445d2b4b9c2f72b801b3 StaticDependenciesID=2c875d342160267d02d0bf69ba3631c6 
Start importing Packages/com.unity.ugui/Tests/Runtime/UGUI/Image using Guid(1091bc2ad06e3234aac2b2fa2841c09d) (DefaultImporter) -> (Import Result ID: '9a3b6d17296cbdbff8778d7b2b912c6c') in 0.0010731 seconds [static dependencies only]. Details - ImportResultOutputID=ba312c050ed62f9e8bcb82d7741e8915 DependenciesID=c20d3ac029abaff78b47a5012b8c8cd4 StaticDependenciesID=09bd6503a3862167e9a4babf45bd8c06 
Start importing Packages/com.unity.ugui/Tests/Editor/UGUI/RectMask2D using Guid(305ca32be1aa5504aa182f583895dfe4) (DefaultImporter) -> (Import Result ID: '864b5f0028b85ad62e1f27781413e212') in 0.0036475 seconds [static dependencies only]. Details - ImportResultOutputID=e0b8857afe07068f078b471d056984df DependenciesID=f7bcc8137360de12c7a68eb63f73a720 StaticDependenciesID=75af30b45e4961ed11aaefb59683c9af 
Start importing Packages/com.unity.ugui/Tests/Editor/UGUI/InputField using Guid(c16c54fe03afb5740bcc0a2a295cb79d) (DefaultImporter) -> (Import Result ID: '2ceae18d8757d62eaf77f8472867924a') in 0.0026815 seconds [static dependencies only]. Details - ImportResultOutputID=a6760ef3df97a391d8bbd66725c3b237 DependenciesID=745a970dcaaaa575cd2cc8a1904fa887 StaticDependenciesID=2b217ca99212873f73adeb22ff1c2c99 
Start importing Packages/com.unity.ugui/Runtime/UGUI/UI/Core using Guid(12c42068351bb084abde965d725b9887) (DefaultImporter) -> (Import Result ID: '4aed3f5235cf236ff5b076d0313baaec') in 0.0027046 seconds [static dependencies only]. Details - ImportResultOutputID=ec9102a70ca70a472c30f30fcbb61427 DependenciesID=b68fcc94767039226e26e833ff0d6a16 StaticDependenciesID=cf83a5ab2d387760d17318a0ab5c9266 
Start importing Packages/com.unity.ugui/Tests/Runtime/UGUI/Toggle using Guid(e210c8bf2e9c6514d90a1bd77586af1f) (DefaultImporter) -> (Import Result ID: '0bcadf4825165ace8bb903f2b16f8075') in 0.0023326 seconds [static dependencies only]. Details - ImportResultOutputID=1a6c8154d0fedfa9e4a60ba6bb6fd34e DependenciesID=4739eec59c059296762fa30ff6bebe21 StaticDependenciesID=a994c2940f3848bdc409089bf1b557fb 
Start importing Packages/com.unity.ugui/Tests/Runtime/UGUI/Button using Guid(239dd6edc8e5cd14585c03e09e86a747) (DefaultImporter) -> (Import Result ID: 'e33271f9c5edcfe72bb8b42a16c4995b') in 0.0010312 seconds [static dependencies only]. Details - ImportResultOutputID=48f4d3bb1805c13b38d6e90df8309efb DependenciesID=93cf476dc0a662976a7e552864c52013 StaticDependenciesID=e62cb43c63858c391122e08247b6bcb4 
Start importing Packages/com.unity.ugui/Tests/Runtime/UGUI/ScrollBar using Guid(43b1467da3d29ae4597a733828cdd84a) (DefaultImporter) -> (Import Result ID: '3f533011df487cb190fd37b3ea28ed63') in 0.000918 seconds [static dependencies only]. Details - ImportResultOutputID=826625a2f93ed8daabab9d5729512c91 DependenciesID=c487b2bf10d0d4d41949782eadc19a7a StaticDependenciesID=e08a3267d6816a8dd5dae958a75bf562 
Start importing Packages/com.unity.ugui/Tests/Runtime/UGUI/Graphic using Guid(8313ea704470a264295ec9e09aec6ebc) (DefaultImporter) -> (Import Result ID: '8ab09e07e1eb7c87edffc4ab17468866') in 0.0008853 seconds [static dependencies only]. Details - ImportResultOutputID=29e1d22788945b91d6c6538b43df927b DependenciesID=8f62e287cf959f0a0b11b39d919744e8 StaticDependenciesID=73f9964f27d679ee3514478233f8daee 
Start importing Packages/com.unity.ugui/Tests/Runtime/UGUI/TextEditor using Guid(93effba7cf7f3824ab0bd048a27a9c02) (DefaultImporter) -> (Import Result ID: 'd22ae40fd70e061505369f2a4cfb46eb') in 0.000885 seconds [static dependencies only]. Details - ImportResultOutputID=1d14c149973e6179dd056704191ccb40 DependenciesID=5c7fe1744420eba9ba04c038568dcb11 StaticDependenciesID=fa9a8e2f94c9ade21511b53c46d57760 
Start importing Packages/com.unity.ugui/Runtime/UGUI/EventSystem/EventData using Guid(b3cdabf2f1e76854d8aab5930305d70d) (DefaultImporter) -> (Import Result ID: 'b2ca42919ed68c5f462c334ec04416be') in 0.0037238 seconds [static dependencies only]. Details - ImportResultOutputID=23f256fc2d841fc5af77e67af4c73fa2 DependenciesID=e57d417593acc51352316d747bd0201d StaticDependenciesID=f8b6a6fd8ac76e4e6335d37f1cc3a720 
Start importing Packages/com.unity.ugui/Runtime/UGUI/UI/Animation using Guid(5472815444de2ce45bf2053a4af04b9d) (DefaultImporter) -> (Import Result ID: '51d87a255421d7fbea239cfc4177077c') in 0.0021023 seconds [static dependencies only]. Details - ImportResultOutputID=d79059b708ed15dba3ef1fcbc2615f48 DependenciesID=4cac1ecb20748514804c6b6aa73c6129 StaticDependenciesID=908cd3afa119611cffe393c40ec84d16 
Start importing Packages/com.unity.ugui/Tests/Runtime/UGUI/Slider using Guid(850af9f3bf6d14143baf2ecfbf25db52) (DefaultImporter) -> (Import Result ID: '5e628931ca049a45020e8839223321bf') in 0.0028082 seconds [static dependencies only]. Details - ImportResultOutputID=a75d95ec6cf4f2e163a260e7e4873219 DependenciesID=00e2f785700201515e3dca6ac1d09748 StaticDependenciesID=9de63e4c5e112efd45ed34723c35a658 
Start importing Packages/com.unity.ugui/Runtime/UGUI/EventSystem/Raycasters using Guid(46646a5562f14984690c85ee7b946bc9) (DefaultImporter) -> (Import Result ID: 'ee24bf0b063ca5036bb4c176653cba33') in 0.00127 seconds [static dependencies only]. Details - ImportResultOutputID=e4c4d7aa6831ae096e2058bbd82b5457 DependenciesID=0c41d5dd5ef23bf11783f1211a684190 StaticDependenciesID=4879da6389d129b910725f5fa9200b08 
Start importing Packages/com.unity.ugui/Tests/Runtime/UGUI/CanvasRenderer using Guid(a69b08936f9f74179ae333a4bebe7c54) (DefaultImporter) -> (Import Result ID: '65359bd6b5e6e10cc9cd1372d0135404') in 0.0010398 seconds [static dependencies only]. Details - ImportResultOutputID=50b0c02b2f427e95ffa27a50b56d6cef DependenciesID=a3626bc2da690d51a4d01b8778815fa1 StaticDependenciesID=fca536e2f327f62e4ea59bbf6b110ec8 
Start importing Packages/com.unity.ugui/Tests/Editor/UGUI/UI using Guid(e7689eda3a8b1a847a8b197dbe90d9a6) (DefaultImporter) -> (Import Result ID: 'f913f2e81a31a4176d82bb2344812ee5') in 0.000891 seconds [static dependencies only]. Details - ImportResultOutputID=ea89c036b919678465a9d111c7b94092 DependenciesID=e35bbf043211013ad729a9ca95cb7820 StaticDependenciesID=1a83703b1241b7346fa47d38ff1c31f6 
Start importing Packages/com.unity.ugui/Tests/Editor/UGUI/EventSystem using Guid(98d14ab1acf42df4f88a0561822ac807) (DefaultImporter) -> (Import Result ID: '55a77dc21e285c1ed0db611b693a9ee6') in 0.0008526 seconds [static dependencies only]. Details - ImportResultOutputID=d7d1d12b039d984dfc7b4bdb1611ee78 DependenciesID=1a154fb1eb300a58daae444362553459 StaticDependenciesID=348cb88f898fc12433f9841523c821ca 
Start importing Packages/com.unity.ugui/Tests/Editor/UGUI/Canvas using Guid(b86b117346968ac4d9cc63e4385becb7) (DefaultImporter) -> (Import Result ID: 'b9f69540f357f5f201819701b89d1ea4') in 0.0009271 seconds [static dependencies only]. Details - ImportResultOutputID=a58f5c1c75c9198b1d6861a620d9d4c5 DependenciesID=b4b2fb1f4bb13a0212228a2139ae41ce StaticDependenciesID=15dc62be1ec7c036ce2ff2d1fe0fd4ef 
Start importing Packages/com.unity.ugui/Tests/Editor/UGUI/UnityEvent using Guid(e90cc37a5ccf4a44dbecc5b7172ec512) (DefaultImporter) -> (Import Result ID: 'aec40a2b54e2e9248069e3afef558f6d') in 0.0008834 seconds [static dependencies only]. Details - ImportResultOutputID=a58b26e3fa74887557e1fc25df9e2df2 DependenciesID=d6cff3e81787a89945e4f4c6a8dab24d StaticDependenciesID=d236f017a5b306e90980231944a66f26 
Start importing Packages/com.unity.ugui/Tests/Runtime/UGUI/InputField using Guid(2a28c2fab6b1bb745a844ef6b908e7ee) (DefaultImporter) -> (Import Result ID: '5d149ace5be42519d154b075d4802858') in 0.0043643 seconds [static dependencies only]. Details - ImportResultOutputID=7bb28a73b1772f07b199a13a37dd45b4 DependenciesID=caf649635daa20f0ef692d7f2f383b1a StaticDependenciesID=edfdf8bec9ffda89428ee52399e7b7e2 
Start importing Packages/com.unity.ugui/Tests/Runtime/UGUI/Canvas using Guid(9a3557da07c729b4eb774b8e30e157a4) (DefaultImporter) -> (Import Result ID: '728a41d2553f235c13893cb76f92a4f6') in 0.0023365 seconds [static dependencies only]. Details - ImportResultOutputID=5087cb9a3ac5fed9d0bfac7af182fa99 DependenciesID=06d4f28bae7111ed5ea8f634b43e0dd4 StaticDependenciesID=dc296daa83d06c03730199bcf8d853a4 
Start importing Packages/com.unity.ugui/Tests/Runtime/UGUI/Dropdown using Guid(bae197be297529d4fa735fbe7c91828d) (DefaultImporter) -> (Import Result ID: 'bd022d055f526834f5040735f3996019') in 0.0025348 seconds [static dependencies only]. Details - ImportResultOutputID=5fe54bd3d9490fd5f1acaca14470f0e2 DependenciesID=2f16304997026849f695ff09db971bdd StaticDependenciesID=ce3fef206791ac40ffc82e8fb47435cd 
Start importing Packages/com.unity.ugui/Tests/Runtime/UGUI/MaskClipping using Guid(2bc8a181dfd9de24388de89bb8db7713) (DefaultImporter) -> (Import Result ID: '48015890605710417db9fe07cf7788c7') in 0.0014309 seconds [static dependencies only]. Details - ImportResultOutputID=3acde4fe734af03085eac59f2624c8cd DependenciesID=e79386481df45dfb90f692d92162d2e4 StaticDependenciesID=d9ab2cde871381c46f0d40df68cb2b36 
Start importing Packages/com.unity.ugui/Tests/Runtime/UGUI/ScrollRect using Guid(9bedab6f9886aee42b33e424bffdb640) (DefaultImporter) -> (Import Result ID: '6b17e4f28cb36bc6e32154ad73d0f179') in 0.0010117 seconds [static dependencies only]. Details - ImportResultOutputID=f6d091833965e59c379f9afc60f5e026 DependenciesID=20c3867a4e0b9bedf26271e4b266ee65 StaticDependenciesID=4fd179a782252b6555ee75eb69ee62f2 
Start importing Packages/com.unity.ugui/Tests/Runtime/UGUI/EventSystem using Guid(ab93e1a81defc3243a6e9cd0df3cb443) (DefaultImporter) -> (Import Result ID: 'd1c3af011f33fc2d6a340510e2723cfc') in 0.0008155 seconds [static dependencies only]. Details - ImportResultOutputID=504cc597dbae328b0c0575b0aca0e92c DependenciesID=da3b0c69d82ce72c6a3494c259d2cd3c StaticDependenciesID=1371a544340d12847c2c21b14204a406 
Start importing Packages/com.unity.ugui/Tests/Runtime/UGUI/RawImage using Guid(eb7e44c5cec24463ab95d52834898a3b) (DefaultImporter) -> (Import Result ID: 'd2bca0f09c5734ff2c3f8434b79d9fba') in 0.0008586 seconds [static dependencies only]. Details - ImportResultOutputID=2961006c53e044ef228f91cde6e09c83 DependenciesID=8d856df171549b60646bd3b46097fccc StaticDependenciesID=26db2fb1cfe384b20e81d123297e9da6 
Start importing Packages/com.unity.ugui/Tests/Editor/UGUI/Slider using Guid(4cfe5ade9a1375e40aed87618b92bd12) (DefaultImporter) -> (Import Result ID: '9fc7a5888ab07b39777bf512f1bd2104') in 0.0007629 seconds [static dependencies only]. Details - ImportResultOutputID=b040acdb2ce653defab8301740699d27 DependenciesID=ef203762e0e8335354b29ae74ffce2db StaticDependenciesID=506dca5a6573f527871662e371db399b 
Start importing Packages/com.unity.ugui/Editor/UGUI/UI/PropertyDrawers using Guid(bc9aa6d5a7945f34882c442e9e201537) (DefaultImporter) -> (Import Result ID: '06dc84f63dd9f4fce5966d39efc6530d') in 0.0008422 seconds [static dependencies only]. Details - ImportResultOutputID=00c4fe6939a5d0c6a9274dc1196d1ae7 DependenciesID=e550e4d79caefab155dd45995d0b1f70 StaticDependenciesID=eefcc5c12a54181116b3ddf286da3476 
Start importing Packages/com.unity.ugui/Tests/Runtime/UGUI/Layout using Guid(cc313cc004395df4a9884390556690a5) (DefaultImporter) -> (Import Result ID: '79975958eb32eeb261bc0eec0968bf52') in 0.0044141 seconds [static dependencies only]. Details - ImportResultOutputID=280c775cda03c7503bcdfca2af0126e6 DependenciesID=9e5da9981a204ea40d17394f7b651c6f StaticDependenciesID=0dc6e17b925f01bd5dbef26166d17979 
Start importing Packages/com.unity.ugui/Tests/Runtime/UGUI/LayoutGroup using Guid(2d9b6ff056b6f484ba6500aa8e06bcf3) (DefaultImporter) -> (Import Result ID: '3f63c7c9ec344712ff2ac5e68f787f69') in 0.0032771 seconds [static dependencies only]. Details - ImportResultOutputID=9f408e66f4ab959c5070133db68a5f11 DependenciesID=8639417f878b0fc8045071fc588c9ef4 StaticDependenciesID=d5499d7afcd0da18513950e8922753a5 
Start importing Packages/com.unity.ugui/Runtime/UGUI/EventSystem/UIElements using Guid(5dc64c943466a44498be3b620c743b45) (DefaultImporter) -> (Import Result ID: '8e3fcef29879db14e6397b0369c44a6f') in 0.0018701 seconds [static dependencies only]. Details - ImportResultOutputID=efa911328bd0759159469d8ab9426ca2 DependenciesID=4838f245c7e1d3c933e034b68da2fa65 StaticDependenciesID=cf6168e760149196d79dabc7362fcbf1 
Start importing Packages/com.unity.ugui/Runtime/UGUI/EventSystem/InputModules using Guid(8e78f8a8575e4a04f8337a54e241cdc5) (DefaultImporter) -> (Import Result ID: '1c8fb42076aaf749a2b527333caf73fd') in 0.0010762 seconds [static dependencies only]. Details - ImportResultOutputID=9e59e92f53bdf076c4f1f5fd676b9fa3 DependenciesID=c3692bd2a2798201723fd9ffbab4d470 StaticDependenciesID=6ce20152e65db7676a885f6a4a41bf38 
Start importing Packages/com.unity.ugui/Tests/Editor/UGUI/CanvasRenderer using Guid(ae242449e9279d44789513b922d3178a) (DefaultImporter) -> (Import Result ID: '50f603c76e72f0fc69cd25acd56e0de2') in 0.0008491 seconds [static dependencies only]. Details - ImportResultOutputID=caf0d2df4c33e16307955b8d0f865461 DependenciesID=35173c8644ee06a61f4773609cebdb3c StaticDependenciesID=addc01ace8fc1de12d5a44ed76c0bf7a 
Start importing Packages/com.unity.ugui/Tests/Editor/UGUI/Dropdown using Guid(1f71aeacc4a9f1a40b22a1a590331f6b) (DefaultImporter) -> (Import Result ID: '33155e024c061c7a5179192b156a5c4f') in 0.0008105 seconds [static dependencies only]. Details - ImportResultOutputID=71c5e11c51b3486adeede36e294f35b6 DependenciesID=8943f580a30fd256de67637246ec3036 StaticDependenciesID=fd95686efb4dbb162f06fdc101ce4100 
Start importing Packages/com.unity.ugui/Tests/Editor/UGUI/Text using Guid(4f9ac6e545d53f94b9f09c85b9576f36) (DefaultImporter) -> (Import Result ID: 'd836c8550e51ec3bb60206b32b80c942') in 0.000843 seconds [static dependencies only]. Details - ImportResultOutputID=a1df4aac1f974c8ebad9d441b9249e77 DependenciesID=bd6c13e9561a3f3186071acd4f016484 StaticDependenciesID=f0d4141e4cb657819668cca72694317c 
Start importing Packages/com.unity.ugui/Tests/Runtime/UGUI/Util using Guid(af30a361ab68260438b6ec3fb7e64500) (DefaultImporter) -> (Import Result ID: '8a8c7404eedb047bec76e0622e31eaba') in 0.0017978 seconds [static dependencies only]. Details - ImportResultOutputID=3e464ebb433ee7a40cfb80463da567a5 DependenciesID=d76aba6454acdf37478588eb5ba78f22 StaticDependenciesID=e84d7b4affe3e1f300bb2402259bc5be 
Start importing Packages/com.unity.ugui/Tests/Runtime/UGUI/NestedLayout using Guid(efad3ddb7270ac241b9b1357ec5ee2f2) (DefaultImporter) -> (Import Result ID: '9b1209fc3cc01f8cb9cc759d5b6bfb82') in 0.0022632 seconds [static dependencies only]. Details - ImportResultOutputID=95a7d2deeae4154c8910a994a634fb0e DependenciesID=f00f9270e06119686f2d7c177a109cc0 StaticDependenciesID=62e4a5db8e3e611105f2fef1344449f9 
Start importing Packages/com.unity.ugui/Tests/Editor/UGUI/UI/PropertyDrawers using Guid(24333a116497b144f9782b1160984b57) (DefaultImporter) -> (Import Result ID: '7cedf3f3990a9f41f2af31754f1543f7') in 0.0013339 seconds [static dependencies only]. Details - ImportResultOutputID=0ae135196dc961876c4fb35080855c4c DependenciesID=ee7acbab8ee65571b2603f2e5d1a6eac StaticDependenciesID=fe3c49ab92de55f45b600587a30d0635 
Start importing Packages/com.unity.ugui/Runtime/UGUI/UI/Core/Utility using Guid(d63dd1a776d383248a21ec2a8a6e7868) (DefaultImporter) -> (Import Result ID: 'e4a3041c7a2d121cb8ad073769add8d1') in 0.0020864 seconds [static dependencies only]. Details - ImportResultOutputID=51f2dff1529f589d11de549e4de02114 DependenciesID=28cfd81c790f42ec77a88e4619641956 StaticDependenciesID=00dee47944070b1be5026f4881319515 
Start importing Packages/com.unity.ugui/Runtime/UGUI/UI/Core/Culling using Guid(27ed3e221887b3544bd9d6505d4a789f) (DefaultImporter) -> (Import Result ID: 'a9c79b26f9fdce60950a21280e90d313') in 0.0018097 seconds [static dependencies only]. Details - ImportResultOutputID=0ad7d611116b940ef07a7885f57543c0 DependenciesID=2741811fe998b72f90ca2b2856939f0f StaticDependenciesID=020ac5e216dc4ad12f5ea47f316bff38 
Start importing Packages/com.unity.ugui/Runtime/UGUI/UI/Core/SpecializedCollections using Guid(f8ed4321a98682942b9980996131cf26) (DefaultImporter) -> (Import Result ID: '8dbb24b5ccca1d3ce9886f653bdf36e8') in 0.0014444 seconds [static dependencies only]. Details - ImportResultOutputID=470cd70b0d933d028c8b409137958007 DependenciesID=719fc79db736d3b0306208fcdfc3fc6d StaticDependenciesID=bf9b6e57968bc07f82db03bb06b41a7b 
Start importing Packages/com.unity.ugui/Runtime/UGUI/UI/Core/Layout using Guid(1999349e7f492c947bb6eb70f624382e) (DefaultImporter) -> (Import Result ID: 'c9567a4b3af800e5b1d9469b759c406c') in 0.0009794 seconds [static dependencies only]. Details - ImportResultOutputID=ef7e6a4365da9335662f8079efa1f3fe DependenciesID=d4bc8af7b7ffb0ccf0435e23e92e0056 StaticDependenciesID=4a641686efc92e0d3b86dccc3942ce17 
Start importing Packages/com.unity.ugui/Tests/Runtime/UGUI/EventSystem/InputModuleTests using Guid(7a892c920c8ad2848b469ec9579c5219) (DefaultImporter) -> (Import Result ID: 'd7566b693acbb68e49ad5c4d29c0f809') in 0.0008322 seconds [static dependencies only]. Details - ImportResultOutputID=fa4a64487cae0f3c0fb19a59766a96b6 DependenciesID=88acae624bcce4b798dd21fa831e6c86 StaticDependenciesID=3b860232ff14db006971970f2b132c7c 
Start importing Packages/com.unity.ugui/Runtime/UGUI/UI/Core/MaterialModifiers using Guid(7c6295db74da28645bf49db58b7c9c65) (DefaultImporter) -> (Import Result ID: '92be376c225a2eef7bc0f8047d47b0e3') in 0.0007621 seconds [static dependencies only]. Details - ImportResultOutputID=4fd69e60c642b2af740eae5155cd8b48 DependenciesID=b6aba3eca10081e0777812a596dc71a6 StaticDependenciesID=c2b35c560eae6d6fef286124403c7a23 
Start importing Packages/com.unity.ugui/Runtime/UGUI/UI/Core/VertexModifiers using Guid(cfa73a847eeff06448bb50a8ac6a94e0) (DefaultImporter) -> (Import Result ID: '2255f61925ea5433e236a82485427040') in 0.0007693 seconds [static dependencies only]. Details - ImportResultOutputID=36c5f1640e42304586c64ccd56aedf2b DependenciesID=0055696bb9240975933f7daeee9728e2 StaticDependenciesID=2eba9b26746c07fe9e190ba88eb12675 
Start importing Packages/com.unity.ugui/Runtime/TMP/Unity.TextMeshPro.asmdef using Guid(6055be8ebefd69e48b49212b09b47b2f) (AssemblyDefinitionImporter) -> (Import Result ID: '384997faef7adff01aa5c7492871335f') in 0.0070082 seconds [static dependencies only]. Details - ImportResultOutputID=da671f87e6398541d866800d880e8f56 DependenciesID=e6fc387ed61b07fd4195cfb706af53b1 StaticDependenciesID=534bfd0930ea9805eeb9930c7249c08c 
Start importing Packages/com.unity.ugui/Runtime/InternalBridge/Unity.InternalAPIEngineBridge.004.asmdef using Guid(43b111c4a445f446abd2c02e77750ff5) (AssemblyDefinitionImporter) -> (Import Result ID: 'ebd30b409c3be8c240c0bfc0344e43ce') in 0.0057775 seconds [static dependencies only]. Details - ImportResultOutputID=70b7801aeafd95e6d509502b0330639f DependenciesID=97ec574e015543b421cc8c9001755f6c StaticDependenciesID=e00d0679b02875e8b89ecfea20c2470a 
Start importing Packages/com.unity.ugui/Editor/Analytics/UnityEditor.UI.Analytics.asmdef using Guid(8394c018a82352f41ae354f7bdad54e3) (AssemblyDefinitionImporter) -> (Import Result ID: '9871dfdaed61dcb6f2142c68f6c61f4d') in 0.003637 seconds [static dependencies only]. Details - ImportResultOutputID=e89dcebde65053afca871f8b181f11eb DependenciesID=b2a3599920ecef6651b120af3500b5cf StaticDependenciesID=1954bc445428c62e5ffafd738a17a829 
Start importing Packages/com.unity.ugui/Editor/UGUI/UnityEditor.UI.asmdef using Guid(343deaaf83e0cee4ca978e7df0b80d21) (AssemblyDefinitionImporter) -> (Import Result ID: 'd9afa846710564b650f443933fcbe494') in 0.0061085 seconds [static dependencies only]. Details - ImportResultOutputID=7d55c8b7aa29075dcf6b24f2b74e4498 DependenciesID=b676107977492d520edf83b5fd62eea9 StaticDependenciesID=b45a7a6d08ac928bbf5b89e9c4984181 
Start importing Packages/com.unity.ugui/Tests/Editor/Common/UnityEditor.UI.Common.Tests.asmdef using Guid(05242c3d99f24a74f99cc20369fcb344) (AssemblyDefinitionImporter) -> (Import Result ID: '89968be9802b24b67e3d6aa922f9783f') in 0.0078608 seconds [static dependencies only]. Details - ImportResultOutputID=1c04ae8ffec03f26cee77a9da82a331b DependenciesID=b89204a1a57cc0c2e7fbc7da2464707b StaticDependenciesID=cdda208f70117f8e4bc960867fed727e 
Start importing Packages/com.unity.ugui/Editor/TMP/Unity.TextMeshPro.Editor.asmdef using Guid(6546d7765b4165b40850b3667f981c26) (AssemblyDefinitionImporter) -> (Import Result ID: '388135919283349669f1946bbd605375') in 0.0093941 seconds [static dependencies only]. Details - ImportResultOutputID=f8c9d4e6c208ed3639a3d3fcf16932ad DependenciesID=8250cad476c2d4873b6857413837555f StaticDependenciesID=adc52cb477a25a6b8e854ae6a03bda49 
Start importing Packages/com.unity.ugui/Tests/Editor/TMP/Unity.TextMeshPro.Editor.Tests.asmdef using Guid(656e461844099ae43a609ff6109b0877) (AssemblyDefinitionImporter) -> (Import Result ID: '3aa8265584f051598ec7aaf550b647c4') in 0.00442 seconds [static dependencies only]. Details - ImportResultOutputID=4693dc0428ba769ec386a8ce1147114f DependenciesID=14076cbf46e4c88cbcb9a8a99b3e026c StaticDependenciesID=e4fc2acf1295f219f02b7bc0b0c51a86 
Start importing Packages/com.unity.ugui/Tests/Runtime/UGUI/UnityEngine.UI.Tests.asmdef using Guid(e9745f6a32442194c8dc5a43e9ab86f9) (AssemblyDefinitionImporter) -> (Import Result ID: '8db7193d2a0aa0bbf466d6e8dd2da6fd') in 0.0050943 seconds [static dependencies only]. Details - ImportResultOutputID=883e652b799a1b329b9e731566d3d4f3 DependenciesID=84bbd63b8a1c157463d9f0c08a32d7c5 StaticDependenciesID=bf3ffcb7c7b7d41d130cf4a9bf6f487a 
Start importing Packages/com.unity.ugui/Runtime/UGUI/UnityEngine.UI.asmdef using Guid(2bafac87e7f4b9b418d9448d219b01ab) (AssemblyDefinitionImporter) -> (Import Result ID: 'f3068fd85fb8494110b9754d5d6f3b7b') in 0.0073832 seconds [static dependencies only]. Details - ImportResultOutputID=a5ebd70b05df2e062a5fdcf9c7057a76 DependenciesID=b1cf4b5b7136b4d86a88011e17271d72 StaticDependenciesID=6f6721708553c32f00ca5258114487be 
Start importing Packages/com.unity.ugui/Tests/Runtime/TMP/Unity.TextMeshPro.Tests.asmdef using Guid(bb05cab7d802aa5468f8f2f86840d984) (AssemblyDefinitionImporter) -> (Import Result ID: '82c024a108820b443a6255cb05b488ce') in 0.0042489 seconds [static dependencies only]. Details - ImportResultOutputID=bf77e4ab245f733d4749a33a9911e939 DependenciesID=5165f407cd587b59fb058da5e6aea1f1 StaticDependenciesID=5dc554ab649bb7bfa3474c54a4f5e1ba 
Start importing Packages/com.unity.ugui/Tests/Editor/UGUI/UnityEditor.UI.EditorTests.asmdef using Guid(7c04f0dfa9243c04681a55d90d3ff3fc) (AssemblyDefinitionImporter) -> (Import Result ID: '04156fb09cdcfaa09adfb2dbfe524c49') in 0.0067997 seconds [static dependencies only]. Details - ImportResultOutputID=b114d6b1ce60ad830c47b2fefb764e95 DependenciesID=6a717f89cea9d439d5a42b6ae0998076 StaticDependenciesID=8aa0a0a7db5876dbaf17982090a64804 
Native extension for WindowsStandalone target not found
ScheduleIndexationOnStartup MainProcess:True IndexOnStartup:True
Mono: successfully reloaded assembly
- Finished resetting the current domain, in  1.320 seconds
Domain Reload Profiling: 2590ms
	BeginReloadAssembly (856ms)
		DisableScriptedObjects (99ms)
		CreateAndSetChildDomain (231ms)
	RebuildCommonClasses (119ms)
	RebuildNativeTypeToScriptingClass (48ms)
	initialDomainReloadingComplete (147ms)
	LoadAllAssembliesAndSetupDomain (97ms)
		LoadAssemblies (369ms)
		AnalyzeDomain (59ms)
			TypeCache.Refresh (39ms)
				TypeCache.ScanAssembly (26ms)
			BuildScriptInfoCaches (12ms)
			ResolveRequiredComponents (5ms)
	FinalizeReload (1322ms)
		SetupLoadedEditorAssemblies (0ms)
			InitializePlatformSupportModulesInManaged (58ms)
			BeforeProcessingInitializeOnLoad (367ms)
			ProcessInitializeOnLoadAttributes (250ms)
			ProcessInitializeOnLoadMethodAttributes (198ms)
			AfterProcessingInitializeOnLoad (16ms)
		AwakeInstancesAfterBackupRestoration (58ms)
Start importing Packages/com.unity.ugui/Package Resources/TMP Examples & Extras.unitypackage using Guid(bc00e25696e4132499f56528d3fed2e3) (DefaultImporter) -> (Import Result ID: 'b1952f04e2d91fa387ada84ab6cc3ae3') in 0.0162995 seconds [static dependencies only]. Details - ImportResultOutputID=d5535ae1814e55b4b3245dbd32e0d36e DependenciesID=2f256a3a0deece8cb829228abe0b859a StaticDependenciesID=50c9581a52fa615ee437a986f049ca7d 
Start importing Packages/com.unity.ugui/Package Resources/TMP Essential Resources.unitypackage using Guid(ce4ff17ca867d2b48b5c8a4181611901) (DefaultImporter) -> (Import Result ID: '6d008830a4a7913a86e0ceb5a309fc62') in 0.001711 seconds [static dependencies only]. Details - ImportResultOutputID=f381a815b06e687f1a6222b4153c2938 DependenciesID=8ea02dabab0c2ef09912c9325da7ee97 StaticDependenciesID=eed2f7a204f06386a225b97635436b60 
Start importing Packages/com.unity.ugui/Editor Resources/Textures/btn_AlignRight_Light.psd using Guid(e05ace3bd15740cda0bad60d89092a5b) (TextureImporter) -> (Import Result ID: '73f14f6876ea463213e92222301e92b8') in 0.0255331 seconds [static and dynamic dependencies]. Details - ImportResultOutputID=8c56ffe2486e2824b9cc4bb3b8ff9809 DependenciesID=ebc1d4b3a2003dbf3b375e12da4db93b StaticDependenciesID=863b9ba2fa931f2595a5d6cedf467826 
Start importing Packages/com.unity.ugui/Editor Resources/Textures/btn_AlignMiddle.psd using Guid(41b96614b2e6494ba995ddcd252d11ae) (TextureImporter) -> (Import Result ID: 'fd613351d0e529cae175243996643607') in 0.005112 seconds [static and dynamic dependencies]. Details - ImportResultOutputID=f191cb1cb66fe500300772afddb19555 DependenciesID=d08b7767dc59180a1d4d729096c2bf43 StaticDependenciesID=d91936d8b710fffca2be1e8ef63357a7 
Start importing Packages/com.unity.ugui/Editor Resources/Textures/btn_AlignCenter.psd using Guid(81ed8c76d2bc4a4c95d092c98af4e58f) (TextureImporter) -> (Import Result ID: '4ac5d891d259f3703fca39d1dbe78f89') in 0.0079321 seconds [static and dynamic dependencies]. Details - ImportResultOutputID=153a68f21fea2e8323d30c31c63cf76f DependenciesID=7060209eb83e6c06a5377f8a92fd38c8 StaticDependenciesID=09fda03a60a6ebb02ff9fe5cd702f5b9 
Start importing Packages/com.unity.ugui/Editor Resources/Textures/btn_AlignLeft_Light.psd using Guid(12736c98af174f91827a26b66d2b01b9) (TextureImporter) -> (Import Result ID: '8535e928d408f3eca25ca57fea9822bd') in 0.0046144 seconds [static and dynamic dependencies]. Details - ImportResultOutputID=7ddec3bebad8422c306ff4c11e93024d DependenciesID=07ced4412720b3344b42501851022d7e StaticDependenciesID=ab5d5304f6fcf2ae4f980ed8719390bf 
Start importing Packages/com.unity.ugui/Editor Resources/Textures/btn_AlignJustified.psd using Guid(92027f7f8cfc4feaa477da0dc38d3d46) (TextureImporter) -> (Import Result ID: '3adbd8dad7b7768846d4553e841e8533') in 0.0050583 seconds [static and dynamic dependencies]. Details - ImportResultOutputID=cb3da0de0bb64c7cc3403d1e24418337 DependenciesID=fc83b8232221a8e75cba4186bef72455 StaticDependenciesID=2071d40e265bb80aa62dff3f6f828acc 
Start importing Packages/com.unity.ugui/Editor Resources/Textures/btn_AlignLeft.psd using Guid(9288066c33474b94b6ee5465f4df1cc0) (TextureImporter) -> (Import Result ID: '4de8f6e09dcf28fd1b5aee15e54a7936') in 0.0077242 seconds [static and dynamic dependencies]. Details - ImportResultOutputID=83bda9212111382d9e6cd555e14493e1 DependenciesID=ec94ceec815adf09754f8364f7f98470 StaticDependenciesID=2cdd540800d570f5e93c896a7dd2299c 
Start importing Packages/com.unity.ugui/Editor Resources/Textures/btn_AlignMidLine.psd using Guid(c2f7f6a88b4c4f20a53deb72f3d9144c) (TextureImporter) -> (Import Result ID: 'e571c5c76a845e96c5a80ada93de02be') in 0.004928 seconds [static and dynamic dependencies]. Details - ImportResultOutputID=1f0b8221d206bbf77901321415fb4e4d DependenciesID=2c47191d5601b754d47935fa9a8ee77b StaticDependenciesID=787b1751ee9a9461f3fae57ff3282086 
Start importing Packages/com.unity.ugui/Editor Resources/Textures/SectionHeader_Light.psd using Guid(e3b0f810fdea84e40ab4ba20f256f7e8) (TextureImporter) -> (Import Result ID: '32ab9d422f07f47a95951fdcb5cf39c1') in 0.0069862 seconds [static and dynamic dependencies]. Details - ImportResultOutputID=1896e5a71cd1b37011547c5dfd652d66 DependenciesID=b1cf0428ad1a8aded08c84f17e715d58 StaticDependenciesID=c8071a6a28ac2b154858fe10c4115022 
Start importing Packages/com.unity.ugui/Editor Resources/Textures/btn_AlignRight.psd using Guid(342a0f8aca7f4f0691338912faec0494) (TextureImporter) -> (Import Result ID: 'bca724e787620c67c72c62fc8e40ef34') in 0.0064528 seconds [static and dynamic dependencies]. Details - ImportResultOutputID=9ddd69c892f55575ecbf9203670c05ef DependenciesID=7b3bf3831f28581142cdd44927a99162 StaticDependenciesID=9ae621eec8b9a6d42feac41baaddcbb4 
Start importing Packages/com.unity.ugui/Editor Resources/Textures/btn_AlignFlush_Light.psd using Guid(64b9fad609434c489c32b1cdf2004a1c) (TextureImporter) -> (Import Result ID: '1c5f034c2f5624bd15fc99bf94214fcd') in 0.0050239 seconds [static and dynamic dependencies]. Details - ImportResultOutputID=6b31eb72a95f74fe198031b3b62a148e DependenciesID=d535ea8781c271cb2f97b39734b1c2f2 StaticDependenciesID=3c347fdadd618e4662e03422697a3d0f 
Start importing Packages/com.unity.ugui/Editor Resources/Textures/btn_AlignCenterGeo_Light.psd using Guid(35ff0937876540d3bd4b6a941df62a92) (TextureImporter) -> (Import Result ID: '7e86ccc7a628558fccd1e5cd1ffc1f60') in 0.0077857 seconds [static and dynamic dependencies]. Details - ImportResultOutputID=7e3d36ed266d8f2f1d9063e32c7858f0 DependenciesID=d35e65e30c4ef6164ecf378fba5a7dd7 StaticDependenciesID=21f07cc71c7e4bbc926a43018d7e3b0d 
Start importing Packages/com.unity.ugui/Editor Resources/Textures/btn_AlignMiddle_Light.psd using Guid(066619c9c9c84f89acb1b48c11a7efe2) (TextureImporter) -> (Import Result ID: '7fcf883dac678adad7de3672cbce9a5a') in 0.0051216 seconds [static and dynamic dependencies]. Details - ImportResultOutputID=e6e537c5225b5e2e238e7744442a9680 DependenciesID=e156dbb129740309d53901f1a5678b3d StaticDependenciesID=5cfbddede4c8af1bbb535986afe71751 
Start importing Packages/com.unity.ugui/Editor Resources/Gizmos/TMP - Dropdown Icon.psd using Guid(a7ec9e7ad8b847b7ae4510af83c5d868) (TextureImporter) -> (Import Result ID: '72ac3c7c131773c71675fcb5cf308be6') in 0.0090063 seconds [static and dynamic dependencies]. Details - ImportResultOutputID=72deb33ade8bf45ef6fcc125272451e4 DependenciesID=2c6e9fcde40c6f3c4ceefb869715cee7 StaticDependenciesID=7321b2737b263c9c1e7d5e2308b440bc 
Start importing Packages/com.unity.ugui/Editor Resources/Textures/btn_AlignCenterGeo.psd using Guid(c76700ea0062413d9f69409b4e9e151b) (TextureImporter) -> (Import Result ID: 'b74373211d374b6f3d362f92ea033ffd') in 0.0046704 seconds [static and dynamic dependencies]. Details - ImportResultOutputID=6cdb0c42720fe0ea65189519b77c6c03 DependenciesID=3a07d79f540d8bd8aa898c606911d280 StaticDependenciesID=92050bd533a84a83a03f293eceb0311c 
Start importing Packages/com.unity.ugui/Editor Resources/Textures/btn_AlignBaseLine_Light.psd using Guid(18775b51e3bd42299fd30bd036ea982f) (TextureImporter) -> (Import Result ID: '59c20ceece7ccc919c31e65bfda00e2c') in 0.0049806 seconds [static and dynamic dependencies]. Details - ImportResultOutputID=2f974e0a9eb6dc633d535d114707596b DependenciesID=f037bc371deab8dfa02ecb145c9d04c9 StaticDependenciesID=b8714f51d2e13283f39b5a1298d4fc5f 
Start importing Packages/com.unity.ugui/Editor Resources/Textures/btn_AlignTop.psd using Guid(48d034c499ee4697af9dd6e327110249) (TextureImporter) -> (Import Result ID: '40024adb7d5238b824134208c28ea0ad') in 0.0073698 seconds [static and dynamic dependencies]. Details - ImportResultOutputID=d54ba81efa519c8718b128655e43c27e DependenciesID=d5319cc69f0e03f5058c8fbef658ae3d StaticDependenciesID=2454a16dfc9ca141e4098c55b1f7ec2f 
Start importing Packages/com.unity.ugui/Editor Resources/Textures/btn_AlignBottom_Light.psd using Guid(585b70cb75dd43efbfead809c30a1731) (TextureImporter) -> (Import Result ID: 'e6609f80269ae210af680896020c5347') in 0.0049469 seconds [static and dynamic dependencies]. Details - ImportResultOutputID=fdc1ceea0606cfa3a2234b61560e474c DependenciesID=78418f73c3af38a66b593d8b0a04a636 StaticDependenciesID=34f132e2c54b2663086b29ad861423d0 
Start importing Packages/com.unity.ugui/Editor Resources/Textures/btn_AlignCapLine_Light.psd using Guid(49679f302ac6408697f6b9314a38985c) (TextureImporter) -> (Import Result ID: 'dbd43bd5bd97e59bf431204193afe057') in 0.0060787 seconds [static and dynamic dependencies]. Details - ImportResultOutputID=1286d590006acce436bd31347de8a8ca DependenciesID=f1831077266710d0dffb8e741ad74ba0 StaticDependenciesID=cd515d1bc008ee6824351f902f7e498a 
Start importing Packages/com.unity.ugui/Editor Resources/Textures/btn_AlignFlush.psd using Guid(691475c57a824010be0c6f474caeb7e1) (TextureImporter) -> (Import Result ID: 'd4bf0e544ffbbdfbce4185099d0e09a3') in 0.0053007 seconds [static and dynamic dependencies]. Details - ImportResultOutputID=d0765dcd8782b4ec7ebb6ed413e9927c DependenciesID=607971cf6cbee4a9f85ca5aaa220aeb8 StaticDependenciesID=a3f7515ec548ca00903cf03ca8ac54c2 
Start importing Packages/com.unity.ugui/Editor Resources/Textures/btn_AlignCenter_Light.psd using Guid(6ace62d30f494c948b71d5594afce11d) (TextureImporter) -> (Import Result ID: 'c755ef48dd0d7ce1caeaa7ab79655151') in 0.0048133 seconds [static and dynamic dependencies]. Details - ImportResultOutputID=34456d3478e0a469b7eda5c225f9c0bd DependenciesID=df9af784a8fb0085e39e4f72f25a3a49 StaticDependenciesID=070d4dd6f06a6f720ba2d9ca097ebc5b 
Start importing Packages/com.unity.ugui/Editor Resources/Textures/btn_AlignBottom.psd using Guid(ca51b19024094d1b87f3e07edb0a75fb) (TextureImporter) -> (Import Result ID: 'ae4f6f05056b390c960c653cd4131692') in 0.0063676 seconds [static and dynamic dependencies]. Details - ImportResultOutputID=df1b00584c3554032a088887b252cb63 DependenciesID=6a4827d7593acb0e325f72c36e941a52 StaticDependenciesID=a8cc25ae5f736890df9dd612604205ae 
Start importing Packages/com.unity.ugui/Editor Resources/Textures/btn_AlignJustified_Light.psd using Guid(fa6bd40a216346b783a4cce741d277a5) (TextureImporter) -> (Import Result ID: 'feeef7be00fcb93304547ebf85f89cba') in 0.0056421 seconds [static and dynamic dependencies]. Details - ImportResultOutputID=d32a7d1b4175af23f4506b681e619ac7 DependenciesID=fdcbfc38ad8b96b193e7002090ea78e2 StaticDependenciesID=b3b0772207d298bbc137be750c734ff6 
Start importing Packages/com.unity.ugui/Editor Resources/Textures/btn_AlignBaseLine.psd using Guid(8bc445bb79654bf496c92d0407840a92) (TextureImporter) -> (Import Result ID: 'a13cf7c8b690bd57cdf6196726116bd8') in 0.0046134 seconds [static and dynamic dependencies]. Details - ImportResultOutputID=0275a50a86782e507f5b108aaf7a4267 DependenciesID=c1207f0a7c4056388bcb77a777edeb66 StaticDependenciesID=f0252a0321548f72bf4274402febc389 
Start importing Packages/com.unity.ugui/Editor Resources/Textures/btn_AlignMidline_Light.psd using Guid(bb42b2d967d6427983c901a4ffc8ecd9) (TextureImporter) -> (Import Result ID: '5547991a65d5df3d5f8ad703d5d2ece1') in 0.0076294 seconds [static and dynamic dependencies]. Details - ImportResultOutputID=f4dfa05ea81abd95ea73966e84ad7df3 DependenciesID=c6ca4ee4b8dff351f934552bb1a41345 StaticDependenciesID=3b99e974cbd4e4ea2dc4897f59a6cc89 
Start importing Packages/com.unity.ugui/Editor Resources/Textures/SectionHeader_Dark.psd using Guid(fb5730e24283d0c489e5c7d0bee023d9) (TextureImporter) -> (Import Result ID: '5192255648fb9c9135a49fb3b996fb47') in 0.0049836 seconds [static and dynamic dependencies]. Details - ImportResultOutputID=ee2fe0b23c64689101e3ba4df37403d1 DependenciesID=50e6630a99539e8e95525eee1a050cc6 StaticDependenciesID=2d958d7ba847fb563a2afd7e4dcd21bb 
Start importing Packages/com.unity.ugui/Editor Resources/Gizmos/TMP - Sprite Asset Icon.psd using Guid(ec7c645d93308c04d8840982af12101e) (TextureImporter) -> (Import Result ID: '0b3fe209579e28dc697c0d83aba180aa') in 0.0056228 seconds [static and dynamic dependencies]. Details - ImportResultOutputID=4cf8ff86cb84d0d99f1e9cd0709ab75b DependenciesID=3398c26f38434c2bce5c86b48d529e79 StaticDependenciesID=28800261f08e7508c734984dba8600ac 
Start importing Packages/com.unity.ugui/Editor Resources/Textures/btn_AlignCapLine.psd using Guid(0d9a36012a224080966c7b55896aa0f9) (TextureImporter) -> (Import Result ID: '7ff935eabb3554c4207f296afff4a746') in 0.007075 seconds [static and dynamic dependencies]. Details - ImportResultOutputID=de0034b3bac5162d716f2aeb6d4e70fb DependenciesID=34649ba191d866bcd44443bb4bfce6f9 StaticDependenciesID=966f3b8aca2d6b750ed78e7bf5777de0 
Start importing Packages/com.unity.ugui/Editor Resources/Textures/btn_AlignTop_Light.psd using Guid(ed041e68439749a69d0efa0e3d896c2e) (TextureImporter) -> (Import Result ID: '4d1bfa3c60df0734d6846ecbd7609590') in 0.0046045 seconds [static and dynamic dependencies]. Details - ImportResultOutputID=67ca2c64b9acb1c71106a41d4285d34b DependenciesID=a597f2d12882ef8728e53b9f43e24147 StaticDependenciesID=0a48dc40af1ac8b8be51a68345f15dba 
Start importing Packages/com.unity.ugui/Editor Resources/Gizmos/TMP - Input Field Icon.psd using Guid(3ee40aa79cd242a5b53b0b0ca4f13f0f) (TextureImporter) -> (Import Result ID: 'ed9a0773c0fc1e80443449752b06dae9') in 0.0090875 seconds [static and dynamic dependencies]. Details - ImportResultOutputID=899bc17a224a27bf73b18e03a12ea52d DependenciesID=ec11bfd9f77e6edfdb865edc4985af82 StaticDependenciesID=c4700fe21bdd974629cbb2d9d97da2f5 
Start importing Packages/com.unity.ugui/Editor Resources/Gizmos/TMP - Font Asset Icon.psd using Guid(ee148e281f3c41c5b4ff5f8a5afe5a6c) (TextureImporter) -> (Import Result ID: 'a86cbc6a7fcacbfe8d1ce27f7f12f8b0') in 0.0074483 seconds [static and dynamic dependencies]. Details - ImportResultOutputID=455da3beed406e644c49683541d2dc29 DependenciesID=8844d977e107c408dc7fadc890ecb541 StaticDependenciesID=48c613a3745d05c7221955e756012cdd 
Start importing Packages/com.unity.ugui/Editor Resources/Gizmos/TMP - Text Component Icon.psd using Guid(2fd6421f253b4ef1a19526541f9ffc0c) (TextureImporter) -> (Import Result ID: '1ebc88e99731be3988682035027ca69a') in 0.0090286 seconds [static and dynamic dependencies]. Details - ImportResultOutputID=8278e20386eea67eb6231a7c15cad8ee DependenciesID=68855c5500989df773a495e1ce457d3c StaticDependenciesID=f303997de83f3561bd45d513fdba4df2 
Start importing Packages/com.unity.ugui/Editor Resources/Shaders/TMP_SDF_SSD.cginc using Guid(abe6991365a27d341a10580f3b7c0f44) (ShaderIncludeImporter) -> (Import Result ID: 'a70568f548c8854ab990774e09783f5a') in 0.0043421 seconds [static dependencies only]. Details - ImportResultOutputID=25a502c85aaffba800e29c1444cea18e DependenciesID=77eaf6e371461f09d66d855a36a16b61 StaticDependenciesID=776f8da39c2ac4319229b3d2acd327f8 
Start importing Packages/com.unity.ugui/Editor Resources/Shaders/TMP_Properties.cginc using Guid(3c6c403084eacec478a1129ce20061ea) (ShaderIncludeImporter) -> (Import Result ID: 'ef0e3f96c650850ac1988786e06b9027') in 0.0040028 seconds [static dependencies only]. Details - ImportResultOutputID=3a8820f74b1cb070c72568ecbf4cbd97 DependenciesID=79f51cd88b264f2d65ad3a723c0f781b StaticDependenciesID=d3b4b4e246792f1c8249a1353f4e714d 
Start importing Packages/com.unity.ugui/Editor Resources/Shaders/TMP_SDF Internal Editor.shader using Guid(9c442dc870b456e48b615cd8add0e9ef) (ShaderImporter)Launched and connected shader compiler UnityShaderCompiler.exe after 0.05 seconds
 -> (Import Result ID: '9dff082b928a69667fec14b454509764') in 0.1297681 seconds [static and dynamic dependencies]. Details - ImportResultOutputID=1807754729744c6a1e639cb873adb010 DependenciesID=74f57404a6cce75880286d5116af6584 StaticDependenciesID=d1aa7d2895bcba3452bab4176e84dedc 
Start importing Packages/com.unity.ugui/README.md using Guid(e0ae6629cc70b514889df37fccb76832) (TextScriptImporter) -> (Import Result ID: '627e6c031ad9a6a4a54577c5878d0917') in 0.0037958 seconds [static dependencies only]. Details - ImportResultOutputID=69f003c2029b82ae9728255c8bc2cbea DependenciesID=50413ce8fa08a56e72fd3187e41f7c36 StaticDependenciesID=1b36eaf61bd11cb7c5d2a3d21bd61d69 
Start importing Packages/com.unity.ugui/package.json using Guid(319b8889f363f5947acf209c17a94149) (PackageManifestImporter) -> (Import Result ID: '9ed30a19ab4e5161cc86e68f63de1882') in 0.0104139 seconds [static dependencies only]. Details - ImportResultOutputID=603d21eb29576c36eaf4e1c323bef689 DependenciesID=149a3edb5e18fea47a04deb33a821e0a StaticDependenciesID=4c7c787b3a26cce16d64601d646081b0 
Start importing Packages/com.unity.ugui/PackageConversionData.json using Guid(05f5bfd584002f948982a1498890f9a9) (TextScriptImporter) -> (Import Result ID: '2fdaf2c2c5125e99b3d500abac2fb7e4') in 0.0040822 seconds [static dependencies only]. Details - ImportResultOutputID=2e2036bf89c6b58f91157576663d1cb1 DependenciesID=7d5c056cee9b65da4e636ffa119667b6 StaticDependenciesID=1e779d092bb076a150d816e0e2a89082 
Start importing Packages/com.unity.ugui/CHANGELOG.md using Guid(c851bee4305bddf438cc6ffc515991ce) (TextScriptImporter) -> (Import Result ID: '5c27021184ff988a2710b146921362aa') in 0.0079628 seconds [static dependencies only]. Details - ImportResultOutputID=76e1969716721dba882245a7d8048f56 DependenciesID=ce8e22699fdd533083a5eeabfd76bf93 StaticDependenciesID=d1d94af373b4ebcd11096a6ed07ad60c 
Start importing Packages/com.unity.ugui/LICENSE.md using Guid(4d3d51749e989f747b2674e0b4d9b3d7) (TextScriptImporter) -> (Import Result ID: 'be396a7f9734697b068c56799f343256') in 0.0078212 seconds [static dependencies only]. Details - ImportResultOutputID=7f353976db186c15c229fd54afc4c53d DependenciesID=3d1c2dd7775ef75ea33042aa7d3a1aff StaticDependenciesID=7d6ff9a56c2617d7aa943fa9174d67ad 
Start importing Packages/com.unity.ugui/PackageConversionData_Assets.json using Guid(0e0afa652c0031c48896a97b424d027b) (TextScriptImporter) -> (Import Result ID: '1f06a367e3ad4ab458d391fa6d88318d') in 0.0076357 seconds [static dependencies only]. Details - ImportResultOutputID=a9d5f7ac76fad19acb9e3e463f25a0c4 DependenciesID=c0082fc0d5bb037b389e4eab43883a57 StaticDependenciesID=66e368b0db69c855dc18686a52565730 
Launched and connected shader compiler UnityShaderCompiler.exe after 0.04 seconds
Launched and connected shader compiler UnityShaderCompiler.exe after 0.05 seconds
(Values over 0.050ms)
Asset Pipeline Refresh (id=03354293ef1305e438d801ab8d9f3cdf): Total: 36.254 seconds - Initiated by InitialRefreshV2(ForceSynchronousImport)
	Summary:
		Imports: total=140 (actual=140, local cache=0, cache server=0)
		Asset DB Process Time: managed=30 ms, native=2816 ms
		Asset DB Callback time: managed=294 ms, native=9785 ms
		Scripting: domain reloads=1, domain reload time=1275 ms, compile time=22018 ms, other=28 ms
		Project Asset Count: scripts=210, non-scripts=123
		Asset File Changes: new=534, changed=534, moved=0, deleted=0
		Scan Filter Count: 0
	InvokePackagesCallback: 9603.730ms
	ApplyChangesToAssetFolders: 1.168ms
	Scan: 410.353ms
	OnSourceAssetsModified: 10.722ms
	CategorizeScriptCompilationAssets: 4.796ms
	ProcessAssetsWithTransientArtifactChanges: 26.044ms
	CategorizeAssets: 9.386ms
	CompileScripts: 22018.162ms
	ImportOutOfDateAssets: 2149.670ms (1328.750ms without children)
		ImportManagerImport: 818.913ms (20.166ms without children)
			UpdateCategorizedAssets: 0.868ms
		UnloadImportedAssets: 0.979ms
		ReloadImportedAssets: 0.089ms
		EnsureUptoDateAssetsAreRegisteredWithGuidPM: 0.356ms
		OnDemandSchedulerStart: 0.654ms
	PostProcessAllAssets: 468.498ms
		ShaderAssetModifiedCallback 92.704ms
		VersionControlSettings.HiddenFilePostprocess 10.210ms
		PostProcessCallbackCreateDeferredMaterials 6.370ms
		VCAutoAddAssetPostprocess 6.323ms
		AssemblyValidation.PostprocessAllAssets 3.753ms
		ComputeShaderImportPostprocess 2.576ms
		LocalizationDatabase.AssetDatabasePostprocessCallback 1.144ms
		RaytracingShaderImportPostprocess 1.012ms
		SpeedTreeImporter.PostprocessAllAssets 0.883ms
		WindowTitlePostprocess 0.459ms
		BlockShaderImporter.PostprocessAllAssets 0.345ms
		MonoPostProcessAllAssets: 290.571ms
			SyncVS.PostprocessSyncProject 69.193ms
			StyleCatalogPostProcessor.OnPostprocessAllAssets 45.053ms
			AssetPostprocessor.OnPostprocessAllAssets 42.907ms
			WindowAssetPostprocessingWatcher.OnPostprocessAllAssets 33.971ms
			BuilderAssetPostprocessor.OnPostprocessAllAssets 16.863ms
			AssetChangedListener.OnPostprocessAllAssets 6.985ms
			TextAssetPostProcessor.OnPostprocessAllAssets 6.913ms
			SpeedTree9Postprocessor.OnPostprocessAllAssets 6.377ms
			RetainedModeAssetPostprocessor.OnPostprocessAllAssets 3.604ms
			TMPro_TexturePostProcessor.OnPostprocessAllAssets 3.122ms
			ArtifactBrowserPostProcessor.OnPostprocessAllAssets 1.173ms
			ReferencedClipsPostProcessor.OnPostprocessAllAssets 0.743ms
			AudioMixerPostprocessor.OnPostprocessAllAssets 0.662ms
			TerrainToolbarOverlayPostProcessor.OnPostprocessAllAssets 0.609ms
			SpeedTreePostProcessor.OnPostprocessAllAssets 0.600ms
			AssetEvents.OnPostprocessAllAssets 0.406ms
			AssetDatabaseCallbacks.OnPostprocessAllAssets 0.379ms
			RenderPipelineGlobalSettingsPostprocessor.OnPostprocessAllAssets 0.327ms
			ConfigAssetsTracker.OnPostprocessAllAssets 0.309ms
			ScenarioDriftAssetsTracker.OnPostprocessAllAssets 0.293ms
			AudioContainerPostProcessor.OnPostprocessAllAssets 0.185ms
	PostAssetChangesProfiler: 6.764ms
	UnloadStreamsBegin: 3.926ms
	PersistCurrentRevisions: 0.347ms
	GenerateScriptTypeHashes: 0.630ms
	GenerateScriptTypeSerializationHashes: 1.390ms
	Untracked: 1522.346ms

Application.AssetDatabase Initial Refresh End
Scanning for USB devices : 3.779ms
Initializing Unity extensions:
[MODES] ModeService[none].Initialize
[MODES] ModeService[none].LoadModes
[MODES] Loading mode Default (0) for mode-current-id-GDD
Unloading 4 Unused Serialized files (Serialized files now loaded: 0)
Unloading 470 unused Assets / (0.6 MB). Loaded Objects now: 1107.
Memory consumption went from 97.1 MB to 96.5 MB.
Total: 15.710500 ms (FindLiveObjects: 0.172000 ms CreateObjectMapping: 0.038500 ms MarkObjects: 14.564000 ms  DeleteObjects: 0.653800 ms)

[SpaceJet] Starting Scene & Build Settings Generation...
UnityEngine.Debug:ExtractStackTraceNoAlloc (byte*,int,string)
UnityEngine.StackTraceUtility:ExtractStackTrace ()
UnityEngine.DebugLogHandler:Internal_Log (UnityEngine.LogType,UnityEngine.LogOption,string,UnityEngine.Object)
UnityEngine.DebugLogHandler:LogFormat (UnityEngine.LogType,UnityEngine.Object,string,object[])
UnityEngine.Logger:Log (UnityEngine.LogType,object)
UnityEngine.Debug:Log (object)
SpaceJet.Editor.SceneSetupHelper:BuildAllScenes () (at Assets/Scripts/Editor/SceneSetupHelper.cs:15)

(Filename: Assets/Scripts/Editor/SceneSetupHelper.cs Line: 15)

Unloading 0 Unused Serialized files (Serialized files now loaded: 0)
Unloading 0 unused Assets / (0 B). Loaded Objects now: 1107.
Memory consumption went from 96.2 MB to 96.2 MB.
Total: 13.060300 ms (FindLiveObjects: 0.158700 ms CreateObjectMapping: 0.042000 ms MarkObjects: 12.834700 ms  DeleteObjects: 0.021500 ms)

Start importing Assets/Scenes/MainMenu.unity using Guid(371a136ad71cf5441aaf64975672395b) (DefaultImporter) -> (Import Result ID: 'bb0ec56883f84c03ca39324dc96d22e4') in 0.0048264 seconds [static dependencies only]. Details - ImportResultOutputID=10546791c1a82b4370c05a108c9855bd DependenciesID=35b280acf5c77de5c96b8fd9f44202fe StaticDependenciesID=fe0466a25f732ad4f10efea8aae36334 
Asset Pipeline Refresh (id=58e7ac6ca25237c45a2815ac86d68cae): Total: 0.042 seconds - Initiated by StopAssetImportingV2(NoUpdateAssetOptions)
[SpaceJet] Saved Assets/Scenes/MainMenu.unity
UnityEngine.Debug:ExtractStackTraceNoAlloc (byte*,int,string)
UnityEngine.StackTraceUtility:ExtractStackTrace ()
UnityEngine.DebugLogHandler:Internal_Log (UnityEngine.LogType,UnityEngine.LogOption,string,UnityEngine.Object)
UnityEngine.DebugLogHandler:LogFormat (UnityEngine.LogType,UnityEngine.Object,string,object[])
UnityEngine.Logger:Log (UnityEngine.LogType,object)
UnityEngine.Debug:Log (object)
SpaceJet.Editor.SceneSetupHelper:BuildAllScenes () (at Assets/Scripts/Editor/SceneSetupHelper.cs:22)

(Filename: Assets/Scripts/Editor/SceneSetupHelper.cs Line: 22)

Unloading 0 Unused Serialized files (Serialized files now loaded: 0)
Unloading 1 unused Assets / (0.8 KB). Loaded Objects now: 1107.
Memory consumption went from 93.5 MB to 93.5 MB.
Total: 14.284100 ms (FindLiveObjects: 0.125700 ms CreateObjectMapping: 0.028200 ms MarkObjects: 14.085700 ms  DeleteObjects: 0.041900 ms)

Start importing Assets/Scenes/GameScene.unity using Guid(9b766294d782f334b8112ec2d4adece2) (DefaultImporter) -> (Import Result ID: '780a10d5115e8a255ace867405dcb510') in 0.0030081 seconds [static dependencies only]. Details - ImportResultOutputID=dbc718b0e43bb4d0679d3245557ea767 DependenciesID=01732f11999f1caddf175a79bbc9544f StaticDependenciesID=1d3be4bda12e2762ba5b8323acc1d5bb 
Asset Pipeline Refresh (id=585f0fc956d52e447ae96b84460a35c2): Total: 0.028 seconds - Initiated by StopAssetImportingV2(NoUpdateAssetOptions)
[SpaceJet] Saved Assets/Scenes/GameScene.unity
UnityEngine.Debug:ExtractStackTraceNoAlloc (byte*,int,string)
UnityEngine.StackTraceUtility:ExtractStackTrace ()
UnityEngine.DebugLogHandler:Internal_Log (UnityEngine.LogType,UnityEngine.LogOption,string,UnityEngine.Object)
UnityEngine.DebugLogHandler:LogFormat (UnityEngine.LogType,UnityEngine.Object,string,object[])
UnityEngine.Logger:Log (UnityEngine.LogType,object)
UnityEngine.Debug:Log (object)
SpaceJet.Editor.SceneSetupHelper:BuildAllScenes () (at Assets/Scripts/Editor/SceneSetupHelper.cs:29)

(Filename: Assets/Scripts/Editor/SceneSetupHelper.cs Line: 29)

[SpaceJet] Successfully configured EditorBuildSettings.scenes (MainMenu = 0, GameScene = 1).
UnityEngine.Debug:ExtractStackTraceNoAlloc (byte*,int,string)
UnityEngine.StackTraceUtility:ExtractStackTrace ()
UnityEngine.DebugLogHandler:Internal_Log (UnityEngine.LogType,UnityEngine.LogOption,string,UnityEngine.Object)
UnityEngine.DebugLogHandler:LogFormat (UnityEngine.LogType,UnityEngine.Object,string,object[])
UnityEngine.Logger:Log (UnityEngine.LogType,object)
UnityEngine.Debug:Log (object)
SpaceJet.Editor.SceneSetupHelper:BuildAllScenes () (at Assets/Scripts/Editor/SceneSetupHelper.cs:38)

(Filename: Assets/Scripts/Editor/SceneSetupHelper.cs Line: 38)

Start importing ProjectSettings/EditorBuildSettings.asset using Guid(0000000000000000b000000000000000) (LibraryAssetImporter) -> (Import Result ID: 'a86898c3bac5822ca10dcb9f477e6f99') in 0.0037851 seconds [static dependencies only]. Details - ImportResultOutputID=d777934f36c664454d62eda103573334 DependenciesID=d007a06af2bc1a8bbd038fe72dc61c03 StaticDependenciesID=58eb907273dead44bd90e8af3b994b1c 
Asset Pipeline Refresh (id=fded04851cf348545be9ac6e4ae5227d): Total: 0.023 seconds - Initiated by StopAssetImportingV2(NoUpdateAssetOptions)
Asset Pipeline Refresh (id=5e623da6f1459314ba993cfa3d3e1778): Total: 0.026 seconds - Initiated by RefreshV2(NoUpdateAssetOptions)
[SpaceJet] Complete! Game is ready to play in Unity Editor or Build.
UnityEngine.Debug:ExtractStackTraceNoAlloc (byte*,int,string)
UnityEngine.StackTraceUtility:ExtractStackTrace ()
UnityEngine.DebugLogHandler:Internal_Log (UnityEngine.LogType,UnityEngine.LogOption,string,UnityEngine.Object)
UnityEngine.DebugLogHandler:LogFormat (UnityEngine.LogType,UnityEngine.Object,string,object[])
UnityEngine.Logger:Log (UnityEngine.LogType,object)
UnityEngine.Debug:Log (object)
SpaceJet.Editor.SceneSetupHelper:BuildAllScenes () (at Assets/Scripts/Editor/SceneSetupHelper.cs:42)

(Filename: Assets/Scripts/Editor/SceneSetupHelper.cs Line: 42)

Batchmode quit successfully invoked - shutting down!
Curl error 42: Callback aborted
[Physics::Module] Cleanup current backend.
[Physics::Module] Id: 0xf2b8ea05
Input System module state changed to: ShutdownInProgress.
Input Polling Thread exited.
Input System module state changed to: Shutdown.
[Licensing::IpcConnector] LicenseClient-HP-notifications channel disconnected successfully.
[Licensing::IpcConnector] LicenseClient-HP channel disconnected successfully.
AcceleratorClientConnectionCallback - disconnected - :0
Cleanup mono
CodeReloadManager destroyed
Exiting batchmode successfully now!
Exiting without the bug reporter. Application will terminate with return code 0