[Licensing::Module] Trying to connect to existing licensing client channel...
Built from '6000.4/staging' branch; Version is '6000.4.4f1 (360f97ecca93) revision 3542935'; Using compiler version '194234433'; Build Type 'Release'
OS: 'Windows 11  (10.0.26200) Professional' Language: 'en' Physical Memory: 7872 MB
BatchMode: 1, IsHumanControllingUs: 0, StartBugReporterOnCrash: 0, Is64bit: 1
System  architecture: x64
Process architecture: x64
Date: 2026-10-09T03:51:17Z
[Licensing::IpcConnector] Successfully connected to: "LicenseClient-vSqvc9W7wJLibjf2MXidH" at "2026-10-09T03:51:17.2212107Z"
[Licensing::Client] Code 10 while verifying Licensing Client signature (process Id: 32140, path: "C:/Program Files/Unity Hub/UnityLicensingClient_V1/Unity.Licensing.Client.exe")
[Licensing::Module] LicensingClient has failed validation; ignoring
[Licensing::Client] Handshaking with LicensingClient:
  Version:                 1.18.3+d7ffd15
  Session Id:              69f284b3a5a94d12af9888452f55ce38
  Correlation Id:          4fed0a6aae537ba8d999e096e68f1c3e
  External correlation Id: 5605574050254585609
  Machine Id:              OKP12rEqxb5R1P41zHEmaox3No0=
[Licensing::Module] Successfully connected to LicensingClient on channel: "LicenseClient-vSqvc9W7wJLibjf2MXidH" (connect: 0.03s, validation: 0.03s, handshake: 0.15s)
[Licensing::IpcConnector] Successfully connected to: "LicenseClient-vSqvc9W7wJLibjf2MXidH-notifications" at "2026-10-09T03:51:17.4105398Z"
[Licensing::Module] Licensing Background thread has ended after 0.22s

COMMAND LINE ARGUMENTS:
C:\Program Files\Unity\Hub\Editor\6000.4.4f1\Editor\Unity.exe
-adb2
-batchMode
-noUpm
-name
AssetImportWorker1
-projectPath
C:/GDD
-logFile
Logs/AssetImportWorker1.log
-srvPort
57605
-licensingIpc
LicenseClient-vSqvc9W7wJLibjf2MXidH
-force-d3d12
-job-worker-count
3
-background-job-worker-count
8
-gc-helper-count
1
-name
AssetImport
Successfully changed project path to: C:/GDD
C:/GDD
[UnityMemory] Configuration Parameters - Can be set up in boot.config
    "memorysetup-temp-allocator-size-gi-baking-worker=262144"
    "memorysetup-temp-allocator-size-gi-baking-worker=262144"
    "memorysetup-temp-allocator-size-gi-baking-worker=262144"
    "memorysetup-temp-allocator-size-gi-baking-worker=262144"
    "memorysetup-temp-allocator-size-gi-baking-worker=262144"
    "memorysetup-temp-allocator-size-nav-mesh-worker=65536"
    "memorysetup-temp-allocator-size-audio-worker=65536"
    "memorysetup-temp-allocator-size-cloud-worker=32768"
    "memorysetup-temp-allocator-size-gfx=262144"
    "memorysetup-temp-allocator-size-preload-manager=33554432"
    "memorysetup-temp-allocator-size-job-worker=262144"
    "memorysetup-temp-allocator-size-background-worker=32768"
    "memorysetup-allocator-temp-initial-block-size-main=262144"
    "memorysetup-allocator-temp-initial-block-size-worker=262144"
    "memorysetup-bucket-allocator-granularity=16"
    "memorysetup-bucket-allocator-bucket-count=8"
    "memorysetup-bucket-allocator-block-size=33554432"
    "memorysetup-bucket-allocator-block-count=8"
    "memorysetup-main-allocator-block-size=16777216"
    "memorysetup-thread-allocator-block-size=16777216"
    "memorysetup-gfx-main-allocator-block-size=16777216"
    "memorysetup-gfx-thread-allocator-block-size=16777216"
    "memorysetup-cache-allocator-block-size=4194304"
    "memorysetup-typetree-allocator-block-size=2097152"
    "memorysetup-profiler-bucket-allocator-granularity=16"
    "memorysetup-profiler-bucket-allocator-bucket-count=8"
    "memorysetup-profiler-bucket-allocator-block-size=33554432"
    "memorysetup-profiler-bucket-allocator-block-count=8"
    "memorysetup-profiler-allocator-block-size=16777216"
    "memorysetup-profiler-editor-allocator-block-size=1048576"
    "memorysetup-temp-allocator-size-main=16777216"
    "memorysetup-job-temp-allocator-block-size=2097152"
    "memorysetup-job-temp-allocator-block-size-background=1048576"
    "memorysetup-job-temp-allocator-reduction-small-platforms=262144"
Player connection [764]  Target information:

Player connection [764]  * "[IP] 10.33.118.253 [Port] 0 [Flags] 2 [Guid] 2866109424 [EditorId] 2866109424 [Version] 1048832 [Id] WindowsEditor(7,KISHOR) [Debug] 1 [PackageName] WindowsEditor [ProjectName] Editor" 

Player connection [764] Host joined multi-casting on [225.0.0.222:54997]...
Player connection [764] Host joined alternative multi-casting on [225.0.0.222:34997]...
JobSystem: Creating JobQueue using job-worker-count value 3
Input System module state changed to: Initialized.
[Physics::Module] Initialized fallback backend.
[Physics::Module] Id: 0xdecafbad
Library Redirect Path: Library/
[Physics::Module] Selected backend.
[Physics::Module] Name: PhysX
[Physics::Module] Id: 0xf2b8ea05
[Physics::Module] SDK Version: 4.1.2
[Physics::Module] Integration Version: 1.0.0
[Physics::Module] Threading Mode: Multi-Threaded
Initialize engine version: 6000.4.4f1 (360f97ecca93)
[Subsystems] Discovering subsystems at path C:/Program Files/Unity/Hub/Editor/6000.4.4f1/Editor/Data/Resources/UnitySubsystems
[Subsystems] Discovering subsystems at path C:/GDD/Assets
Forcing GfxDevice: Direct3D 12
GfxDevice: creating device client; kGfxThreadingModeNonThreaded
d3d12: failed to query info queue interface (0x80004002).
Direct3D:
    Version:         Direct3D 12 [level 12.1]
    Renderer:        Intel(R) Iris(R) Xe Graphics (ID=0x9a49)
    Vendor:          Intel
    VRAM:            3936 MB
    App VRAM Budget: 3542 MB
    Driver:          32.0.101.7088
    Unified Memory Architecture
    Cache Coherent UMA
Initialize mono
Mono path[0] = 'C:/Program Files/Unity/Hub/Editor/6000.4.4f1/Editor/Data/Managed'
Mono path[1] = 'C:/Program Files/Unity/Hub/Editor/6000.4.4f1/Editor/Data/MonoBleedingEdge/lib/mono/unityjit-win32'
Mono config path = 'C:/Program Files/Unity/Hub/Editor/6000.4.4f1/Editor/Data/MonoBleedingEdge/etc'
Using monoOptions --debugger-agent=transport=dt_socket,embedding=1,server=y,suspend=n,address=127.0.0.1:56608
CodeReloadManager initialized
Begin MonoManager ReloadAssembly
Registering precompiled unity dll's ...
Register platform support module: C:/Program Files/Unity/Hub/Editor/6000.4.4f1/Editor/Data/PlaybackEngines/WindowsStandaloneSupport/UnityEditor.WindowsStandalone.Extensions.dll
Registered in 0.012426 seconds.
Native extension for WindowsStandalone target not found
Package Manager log level set to [2]
[Package Manager] Failed to launch server process. Reason: Unity was launched with the -noUpm command-line argument
[Package Manager] Unable to send message (not connected to server process).
[Package Manager] Cannot connect to Unity Package Manager local server
ScheduleIndexationOnStartup MainProcess:False IndexOnStartup:True
Mono: successfully reloaded assembly
- Finished resetting the current domain, in  1.377 seconds
Domain Reload Profiling: 6230ms
	BeginReloadAssembly (2900ms)
		CreateAndSetChildDomain (148ms)
	RebuildCommonClasses (619ms)
	RebuildNativeTypeToScriptingClass (334ms)
	initialDomainReloadingComplete (332ms)
	LoadAllAssembliesAndSetupDomain (664ms)
		LoadAssemblies (2726ms)
		AnalyzeDomain (629ms)
			TypeCache.Refresh (621ms)
				TypeCache.ScanAssembly (566ms)
	FinalizeReload (1381ms)
		SetupLoadedEditorAssemblies (0ms)
			InitializePlatformSupportModulesInManaged (132ms)
			BeforeProcessingInitializeOnLoad (266ms)
			ProcessInitializeOnLoadAttributes (368ms)
			ProcessInitializeOnLoadMethodAttributes (398ms)
========================================================================
Worker process is ready to serve import requests
Import Worker Mode flag is 0x00
Begin MonoManager ReloadAssembly
[Licensing::Client] Successfully resolved entitlement details
[Licensing::Module] License group:
  Id: 13469901316533-UnityPersXXXX
  Product: Unity Personal
  Type: Assigned
  Expiration: Unlimited
Assembly Assembly-CSharp-Editor-firstpass.dll at Library/ScriptAssemblies/Assembly-CSharp-Editor-firstpass.dll not valid. Loading of assembly skipped.
Assembly Assembly-CSharp-firstpass.dll at Library/ScriptAssemblies/Assembly-CSharp-firstpass.dll not valid. Loading of assembly skipped.
Assembly Unity.Multiplayer.Center.Editor.Tests.dll at Library/ScriptAssemblies/Unity.Multiplayer.Center.Editor.Tests.dll not valid. Loading of assembly skipped.
Assembly Unity.Multiplayer.Center.Tests.dll at Library/ScriptAssemblies/Unity.Multiplayer.Center.Tests.dll not valid. Loading of assembly skipped.
Assembly Unity.TextMeshPro.Editor.Tests.dll at Library/ScriptAssemblies/Unity.TextMeshPro.Editor.Tests.dll not valid. Loading of assembly skipped.
Assembly Unity.TextMeshPro.Tests.dll at Library/ScriptAssemblies/Unity.TextMeshPro.Tests.dll not valid. Loading of assembly skipped.
Assembly UnityEditor.UI.Common.Tests.dll at Library/ScriptAssemblies/UnityEditor.UI.Common.Tests.dll not valid. Loading of assembly skipped.
Assembly UnityEditor.UI.EditorTests.dll at Library/ScriptAssemblies/UnityEditor.UI.EditorTests.dll not valid. Loading of assembly skipped.
Assembly UnityEngine.UI.Tests.dll at Library/ScriptAssemblies/UnityEngine.UI.Tests.dll not valid. Loading of assembly skipped.
Native extension for WindowsStandalone target not found
[Package Manager] Failed to launch server process. Reason: Unity was launched with the -noUpm command-line argument
[Package Manager] Unable to send message (not connected to server process).
[Package Manager] Cannot connect to Unity Package Manager local server
ScheduleIndexationOnStartup MainProcess:False IndexOnStartup:True
Mono: successfully reloaded assembly
- Finished resetting the current domain, in  2.699 seconds
Domain Reload Profiling: 3506ms
	BeginReloadAssembly (476ms)
		DisableScriptedObjects (18ms)
		CreateAndSetChildDomain (68ms)
	RebuildCommonClasses (112ms)
	RebuildNativeTypeToScriptingClass (31ms)
	initialDomainReloadingComplete (105ms)
	LoadAllAssembliesAndSetupDomain (76ms)
		LoadAssemblies (276ms)
		AnalyzeDomain (49ms)
			TypeCache.Refresh (30ms)
				TypeCache.ScanAssembly (20ms)
			BuildScriptInfoCaches (9ms)
			ResolveRequiredComponents (7ms)
	FinalizeReload (2705ms)
		SetupLoadedEditorAssemblies (0ms)
			InitializePlatformSupportModulesInManaged (27ms)
			BeforeProcessingInitializeOnLoad (1510ms)
			ProcessInitializeOnLoadAttributes (321ms)
			ProcessInitializeOnLoadMethodAttributes (148ms)
			AfterProcessingInitializeOnLoad (18ms)
		AwakeInstancesAfterBackupRestoration (21ms)
Launched and connected shader compiler UnityShaderCompiler.exe after 0.04 seconds
Unloading 1 Unused Serialized files (Serialized files now loaded: 0)
Unloading 464 unused Assets / (123.0 KB). Loaded Objects now: 1070.
Memory consumption went from 69.9 MB to 69.8 MB.
Total: 14.452800 ms (FindLiveObjects: 0.548300 ms CreateObjectMapping: 0.102600 ms MarkObjects: 13.013900 ms  DeleteObjects: 0.778100 ms)

========================================================================
Received Import Request.
  Time since last request: 318074.780530 seconds.
  path: Assets/Scripts/Visuals/ProceduralMeshBuilder.cs
  importAddress: Guid(94bebb710b72ce04fa4dedcafe00a795) Importer(2089858483,b0f066a214c2f5e87bad3c948f4d605d)
Start importing Assets/Scripts/Visuals/ProceduralMeshBuilder.cs using Guid(94bebb710b72ce04fa4dedcafe00a795) Importer(2089858483,b0f066a214c2f5e87bad3c948f4d605d) (ScriptedImporter) -> (Import Result ID: '53af02310301620aed356e7a0185a12d') in 0.434037 seconds [static and dynamic dependencies]. Details - ImportResultOutputID=5d14aea2098f8a94d595c2e6df7d6582 DependenciesID=9474f0d1e61eba5b8de5fc562d2da869 StaticDependenciesID=6eb94d868cd5bc5ba7a7e3045aa4a404 
Number of updated asset objects reloaded before import = 0Number of asset objects unloaded after import = 0

========================================================================
Received Import Request.
  Time since last request: 0.000142 seconds.
  path: Assets/Scripts/UI/HUDController.cs
  importAddress: Guid(52a4b468c29003944bd6b149d9239fa6) Importer(2089858483,b0f066a214c2f5e87bad3c948f4d605d)
Start importing Assets/Scripts/UI/HUDController.cs using Guid(52a4b468c29003944bd6b149d9239fa6) Importer(2089858483,b0f066a214c2f5e87bad3c948f4d605d) (ScriptedImporter) -> (Import Result ID: '243b8aa2f02bce0655b8267e58cd538c') in 0.0374649 seconds [static and dynamic dependencies]. Details - ImportResultOutputID=917b8bca3d820f40ee67fc62828fb2c7 DependenciesID=2b97f33315f40a029a42f300fb79dc71 StaticDependenciesID=5a348a8593d3b582598a5f0ee61c0fac 
Number of updated asset objects reloaded before import = 0Number of asset objects unloaded after import = 0

========================================================================
Received Import Request.
  Time since last request: 0.000079 seconds.
  path: Assets/Scripts/Core/GameManager.cs
  importAddress: Guid(c81e5ef81fc2e2b4baa7db7c5bfa68ec) Importer(2089858483,b0f066a214c2f5e87bad3c948f4d605d)
Start importing Assets/Scripts/Core/GameManager.cs using Guid(c81e5ef81fc2e2b4baa7db7c5bfa68ec) Importer(2089858483,b0f066a214c2f5e87bad3c948f4d605d) (ScriptedImporter) -> (Import Result ID: '7e8f4a316203125eadf03e2fa24c81c5') in 0.1098793 seconds [static and dynamic dependencies]. Details - ImportResultOutputID=f4e131876398b191fbc3e8e4160feecd DependenciesID=b5a3937c44b785faf3cbfebbe85b99cb StaticDependenciesID=5db4480a5f93301805468bea30aa865e 
Number of updated asset objects reloaded before import = 0Number of asset objects unloaded after import = 0

========================================================================
Received Import Request.
  Time since last request: 0.000260 seconds.
  path: Assets/Scripts/UI/JetSkinUI.cs
  importAddress: Guid(fc3210e3e94167a44af3f89cb26c80b5) Importer(2089858483,b0f066a214c2f5e87bad3c948f4d605d)
Start importing Assets/Scripts/UI/JetSkinUI.cs using Guid(fc3210e3e94167a44af3f89cb26c80b5) Importer(2089858483,b0f066a214c2f5e87bad3c948f4d605d) (ScriptedImporter) -> (Import Result ID: '3ffde7ee625db51844a33b4a96478bc6') in 0.1003517 seconds [static and dynamic dependencies]. Details - ImportResultOutputID=12265f691b71fc88a9fe58a3941a8b7c DependenciesID=2674846e36de42f6e5f9d736042b33e3 StaticDependenciesID=c000e3f9a531a1f5c41346dd24a0c17b 
Number of updated asset objects reloaded before import = 0Number of asset objects unloaded after import = 0

========================================================================
Received Import Request.
  Time since last request: 0.003863 seconds.
  path: Assets/Scripts/Player/PlayerHealth.cs
  importAddress: Guid(f220133542b61244e9b878bfd827eb82) Importer(2089858483,b0f066a214c2f5e87bad3c948f4d605d)
Start importing Assets/Scripts/Player/PlayerHealth.cs using Guid(f220133542b61244e9b878bfd827eb82) Importer(2089858483,b0f066a214c2f5e87bad3c948f4d605d) (ScriptedImporter) -> (Import Result ID: 'd34c597c54f3af3a7a2b6145fc802996') in 0.3464909 seconds [static and dynamic dependencies]. Details - ImportResultOutputID=40bbff42f788ea350d164cce1c830946 DependenciesID=159e762033260d1386b399ba377188c4 StaticDependenciesID=62ffa3e7a718de3f277e842b24f1a0dd 
Number of updated asset objects reloaded before import = 0Number of asset objects unloaded after import = 0

========================================================================
Received Import Request.
  Time since last request: 0.006520 seconds.
  path: Assets/Resources/HomeUI.png
  importAddress: Guid(e9c3bbfc55d3b4f4d85bb9374d4818ea) Importer(2089858483,b0f066a214c2f5e87bad3c948f4d605d)
Start importing Assets/Resources/HomeUI.png using Guid(e9c3bbfc55d3b4f4d85bb9374d4818ea) Importer(2089858483,b0f066a214c2f5e87bad3c948f4d605d) (ScriptedImporter) -> (Import Result ID: '9448aa14787cb09a1022542fdcf44d01') in 0.4743258 seconds [static and dynamic dependencies]. Details - ImportResultOutputID=4ff6a616530878533a3840f0136f73eb DependenciesID=2b9237e15f71014cb004d3208308a986 StaticDependenciesID=fbecf5313f3788983817da151a5aac25 
Number of updated asset objects reloaded before import = 0Number of asset objects unloaded after import = 1

========================================================================
Received Import Request.
  Time since last request: 0.000040 seconds.
  path: Assets/Scripts/Environment/EnergyBarrier.cs
  importAddress: Guid(f2cf665a481491a438f476953f16f8f1) Importer(2089858483,b0f066a214c2f5e87bad3c948f4d605d)
Start importing Assets/Scripts/Environment/EnergyBarrier.cs using Guid(f2cf665a481491a438f476953f16f8f1) Importer(2089858483,b0f066a214c2f5e87bad3c948f4d605d) (ScriptedImporter) -> (Import Result ID: '590738a3d2240c614f814509d5b653a0') in 0.0168682 seconds [static and dynamic dependencies]. Details - ImportResultOutputID=e271835965e672225f9968c50a7c1544 DependenciesID=53caff0364cd5ee70e06216f03a1370b StaticDependenciesID=035a11c1cab65c2da17b2e886664d0ee 
Number of updated asset objects reloaded before import = 0Number of asset objects unloaded after import = 0

========================================================================
Received Import Request.
  Time since last request: 0.000088 seconds.
  path: Assets/Scripts/Player/PlayerController.cs
  importAddress: Guid(6e2fb25bf3bfc9448a47230f8e5a6be1) Importer(2089858483,b0f066a214c2f5e87bad3c948f4d605d)
Start importing Assets/Scripts/Player/PlayerController.cs using Guid(6e2fb25bf3bfc9448a47230f8e5a6be1) Importer(2089858483,b0f066a214c2f5e87bad3c948f4d605d) (ScriptedImporter) -> (Import Result ID: 'd1266457713955163e35d9fc89db63f5') in 0.0181623 seconds [static and dynamic dependencies]. Details - ImportResultOutputID=337ef199a1d7dc951ce25533e53581d7 DependenciesID=42446d3a845f9d9d93e65adc35a95abf StaticDependenciesID=246b45357157aa03e6edeacb44526645 
Number of updated asset objects reloaded before import = 0Number of asset objects unloaded after import = 0

========================================================================
Received Import Request.
  Time since last request: 0.000390 seconds.
  path: Assets/Scripts/Core/SaveManager.cs
  importAddress: Guid(7d4e1f613a6942a4e8dd749bec3415eb) Importer(2089858483,b0f066a214c2f5e87bad3c948f4d605d)
Start importing Assets/Scripts/Core/SaveManager.cs using Guid(7d4e1f613a6942a4e8dd749bec3415eb) Importer(2089858483,b0f066a214c2f5e87bad3c948f4d605d) (ScriptedImporter) -> (Import Result ID: '73602e4d49ae57c4c4226d394204e837') in 0.0242884 seconds [static and dynamic dependencies]. Details - ImportResultOutputID=0a1fd0b50a5e79be4efec719e9c6184f DependenciesID=842427ea54e45371a15a5123b0b3c63b StaticDependenciesID=6a43b73c1b18d266701bbd476d7946f0 
Number of updated asset objects reloaded before import = 0Number of asset objects unloaded after import = 0

========================================================================
Received Import Request.
  Time since last request: 0.000163 seconds.
  path: Assets/Textures/GoldPlayButton.png
  importAddress: Guid(ce14589cf5538e641936f477732e0322) Importer(2089858483,b0f066a214c2f5e87bad3c948f4d605d)
Start importing Assets/Textures/GoldPlayButton.png using Guid(ce14589cf5538e641936f477732e0322) Importer(2089858483,b0f066a214c2f5e87bad3c948f4d605d) (ScriptedImporter) -> (Import Result ID: 'c807a4314bbb0aee199e19f8d04cf3a7') in 0.035163 seconds [static and dynamic dependencies]. Details - ImportResultOutputID=a9031b8a6c5ce4c3ba66041827eea840 DependenciesID=fbbd1da7413f5616d07a4ac90f2f6c51 StaticDependenciesID=15b255025df89b9c8e32dc2d09d8ee41 
Number of updated asset objects reloaded before import = 0Number of asset objects unloaded after import = 1

========================================================================
Received Import Request.
  Time since last request: 0.000035 seconds.
  path: Assets/Scripts/UI/CharacterSelectUI.cs
  importAddress: Guid(2e284335e2cd0574dac14d8b965dff42) Importer(2089858483,b0f066a214c2f5e87bad3c948f4d605d)
Start importing Assets/Scripts/UI/CharacterSelectUI.cs using Guid(2e284335e2cd0574dac14d8b965dff42) Importer(2089858483,b0f066a214c2f5e87bad3c948f4d605d) (ScriptedImporter) -> (Import Result ID: '3955e45c9adb08338693963eea946eca') in 0.0288046 seconds [static and dynamic dependencies]. Details - ImportResultOutputID=ef5c77ac24a6856a52585e1c406a58e9 DependenciesID=dce2669d3974f8df0e7ff6749b067ecd StaticDependenciesID=b7dab37d3f3ba27414d3673f363d18d3 
Number of updated asset objects reloaded before import = 0Number of asset objects unloaded after import = 0

========================================================================
Received Import Request.
  Time since last request: 0.000360 seconds.
  path: Assets/Scripts/UI/UIBuilderHelper.cs
  importAddress: Guid(ac514337b1f858b468596edc3e99b5ba) Importer(2089858483,b0f066a214c2f5e87bad3c948f4d605d)
Start importing Assets/Scripts/UI/UIBuilderHelper.cs using Guid(ac514337b1f858b468596edc3e99b5ba) Importer(2089858483,b0f066a214c2f5e87bad3c948f4d605d) (ScriptedImporter) -> (Import Result ID: '4d26c21774e894a71584cff7f97bd39f') in 0.0209155 seconds [static and dynamic dependencies]. Details - ImportResultOutputID=9cc60e566a3448582ac3faee6078bf43 DependenciesID=75fec21689b45ba4c9cc387324dac6f4 StaticDependenciesID=c2ac2552cb65ca0812fcec06753616c9 
Number of updated asset objects reloaded before import = 0Number of asset objects unloaded after import = 0

========================================================================
Received Import Request.
  Time since last request: 0.000092 seconds.
  path: Assets/Scripts/Editor/GameIntegrationTest.cs
  importAddress: Guid(502c6bd47a9010347b33a30f2e1c9046) Importer(2089858483,b0f066a214c2f5e87bad3c948f4d605d)
Start importing Assets/Scripts/Editor/GameIntegrationTest.cs using Guid(502c6bd47a9010347b33a30f2e1c9046) Importer(2089858483,b0f066a214c2f5e87bad3c948f4d605d) (ScriptedImporter) -> (Import Result ID: '255d081bb872e86a2ebe9e6942072f21') in 0.0183867 seconds [static and dynamic dependencies]. Details - ImportResultOutputID=b9e99329082b27374566767772f8f0a2 DependenciesID=d188e184c244b62f10654ebc51684f60 StaticDependenciesID=e5ccc25b48da927fc5430bc128d68047 
Number of updated asset objects reloaded before import = 0Number of asset objects unloaded after import = 0

========================================================================
Received Import Request.
  Time since last request: 0.000056 seconds.
  path: Assets/Scripts/Environment/LevelGenerator.cs
  importAddress: Guid(5f3b949fca415564eb6b5241861f1497) Importer(2089858483,b0f066a214c2f5e87bad3c948f4d605d)
Start importing Assets/Scripts/Environment/LevelGenerator.cs using Guid(5f3b949fca415564eb6b5241861f1497) Importer(2089858483,b0f066a214c2f5e87bad3c948f4d605d) (ScriptedImporter) -> (Import Result ID: 'b9d9d0b05467f25797c1aa381b9fd820') in 0.0127033 seconds [static and dynamic dependencies]. Details - ImportResultOutputID=12f02dfa1c1830de4d60ff27fca02e65 DependenciesID=323e6ee400550abe1a62014edf4c7d0e StaticDependenciesID=0cea07ed0ab826db13d4385ce1c7cf94 
Number of updated asset objects reloaded before import = 0Number of asset objects unloaded after import = 0

========================================================================
Received Import Request.
  Time since last request: 0.000457 seconds.
  path: Assets/Scripts/Player/JetSkinManager.cs
  importAddress: Guid(535093868dc3a8841b9452e0d02b2bf2) Importer(2089858483,b0f066a214c2f5e87bad3c948f4d605d)
Start importing Assets/Scripts/Player/JetSkinManager.cs using Guid(535093868dc3a8841b9452e0d02b2bf2) Importer(2089858483,b0f066a214c2f5e87bad3c948f4d605d) (ScriptedImporter) -> (Import Result ID: '32579277746fb1472778b7d0d76dffca') in 0.0179725 seconds [static and dynamic dependencies]. Details - ImportResultOutputID=508725cdd3526c7a9272eb70cacd0bca DependenciesID=4e6ad7197e019ce799240d017dc28e2e StaticDependenciesID=0dcb47564f9854a927930aab4e2e056c 
Number of updated asset objects reloaded before import = 0Number of asset objects unloaded after import = 0

========================================================================
Received Import Request.
  Time since last request: 0.000207 seconds.
  path: Assets/Scripts/Core/GameBootstrapper.cs
  importAddress: Guid(f54ae4543a40ae0408ae57356198b5c5) Importer(2089858483,b0f066a214c2f5e87bad3c948f4d605d)
Start importing Assets/Scripts/Core/GameBootstrapper.cs using Guid(f54ae4543a40ae0408ae57356198b5c5) Importer(2089858483,b0f066a214c2f5e87bad3c948f4d605d) (ScriptedImporter) -> (Import Result ID: 'ab7095ba3fa624fcb05b52c63d5c7083') in 0.0101085 seconds [static and dynamic dependencies]. Details - ImportResultOutputID=cf8ee040442b97a09e943b8d73967a7a DependenciesID=58388f2e30d10487106f0dc8c7c958f6 StaticDependenciesID=d3ac13cd5f469d59d34070c56548954c 
Number of updated asset objects reloaded before import = 0Number of asset objects unloaded after import = 0

========================================================================
Received Import Request.
  Time since last request: 0.000153 seconds.
  path: Assets/Scripts/Environment/Obstacle.cs
  importAddress: Guid(12809e450e5947241a608a7dfae11633) Importer(2089858483,b0f066a214c2f5e87bad3c948f4d605d)
Start importing Assets/Scripts/Environment/Obstacle.cs using Guid(12809e450e5947241a608a7dfae11633) Importer(2089858483,b0f066a214c2f5e87bad3c948f4d605d) (ScriptedImporter) -> (Import Result ID: 'e97a1247efb2ba7ad7584902fe601964') in 0.0168312 seconds [static and dynamic dependencies]. Details - ImportResultOutputID=93cee72b3b21beda1496eb47dd1c2206 DependenciesID=2633c4e3d35248fd54d5329e027e0af1 StaticDependenciesID=e31fa86d6d425491b76db457c05193c4 
Number of updated asset objects reloaded before import = 0Number of asset objects unloaded after import = 0

========================================================================
Received Import Request.
  Time since last request: 0.000133 seconds.
  path: Assets/_Recovery/0 (3).unity
  importAddress: Guid(f1994c372da6527409884c937e9a4654) Importer(2089858483,b0f066a214c2f5e87bad3c948f4d605d)
Start importing Assets/_Recovery/0 (3).unity using Guid(f1994c372da6527409884c937e9a4654) Importer(2089858483,b0f066a214c2f5e87bad3c948f4d605d) (ScriptedImporter) -> (Import Result ID: 'a1d2d014605a841c7ee6cc203ffad88e') in 0.0164237 seconds [static and dynamic dependencies]. Details - ImportResultOutputID=a1334d7c07d2d78b532e0642aa4385b2 DependenciesID=9cdec2e1d7e1b32389d890cfbfa72d51 StaticDependenciesID=22f0033a40fde6c1f09f4cb9ae9edc28 
Number of updated asset objects reloaded before import = 0Number of asset objects unloaded after import = 1

========================================================================
Received Import Request.
  Time since last request: 593.281296 seconds.
  path: Assets/Scenes/GameScene.unity
  importAddress: Guid(9b766294d782f334b8112ec2d4adece2) Importer(2089858483,b0f066a214c2f5e87bad3c948f4d605d)
Start importing Assets/Scenes/GameScene.unity using Guid(9b766294d782f334b8112ec2d4adece2) Importer(2089858483,b0f066a214c2f5e87bad3c948f4d605d) (ScriptedImporter) -> (Import Result ID: '2bf8beec2cef74f91b8bbe0d4615e47a') in 0.1890072 seconds [static and dynamic dependencies]. Details - ImportResultOutputID=54620fdf0973d65cf72cd02af6aec6e2 DependenciesID=789edaa9ac7ae6d8e2958d4aae2eadec StaticDependenciesID=403a34551aaaa1f7b7dc54e81f4917e5 
Number of updated asset objects reloaded before import = 0Number of asset objects unloaded after import = 1

========================================================================
Received Prepare
Begin MonoManager ReloadAssembly
[Licensing::Client] Successfully resolved entitlement details
Assembly Assembly-CSharp-Editor-firstpass.dll at Library/ScriptAssemblies/Assembly-CSharp-Editor-firstpass.dll not valid. Loading of assembly skipped.
Assembly Assembly-CSharp-firstpass.dll at Library/ScriptAssemblies/Assembly-CSharp-firstpass.dll not valid. Loading of assembly skipped.
Assembly Unity.Multiplayer.Center.Editor.Tests.dll at Library/ScriptAssemblies/Unity.Multiplayer.Center.Editor.Tests.dll not valid. Loading of assembly skipped.
Assembly Unity.Multiplayer.Center.Tests.dll at Library/ScriptAssemblies/Unity.Multiplayer.Center.Tests.dll not valid. Loading of assembly skipped.
Assembly Unity.TextMeshPro.Editor.Tests.dll at Library/ScriptAssemblies/Unity.TextMeshPro.Editor.Tests.dll not valid. Loading of assembly skipped.
Assembly Unity.TextMeshPro.Tests.dll at Library/ScriptAssemblies/Unity.TextMeshPro.Tests.dll not valid. Loading of assembly skipped.
Assembly UnityEditor.UI.Common.Tests.dll at Library/ScriptAssemblies/UnityEditor.UI.Common.Tests.dll not valid. Loading of assembly skipped.
Assembly UnityEditor.UI.EditorTests.dll at Library/ScriptAssemblies/UnityEditor.UI.EditorTests.dll not valid. Loading of assembly skipped.
Assembly UnityEngine.UI.Tests.dll at Library/ScriptAssemblies/UnityEngine.UI.Tests.dll not valid. Loading of assembly skipped.
Native extension for WindowsStandalone target not found
[Package Manager] Failed to launch server process. Reason: Unity was launched with the -noUpm command-line argument
[Package Manager] Unable to send message (not connected to server process).
[Package Manager] Cannot connect to Unity Package Manager local server
ScheduleIndexationOnStartup MainProcess:False IndexOnStartup:True
Mono: successfully reloaded assembly
- Finished resetting the current domain, in  1.615 seconds
Domain Reload Profiling: 2890ms
	BeginReloadAssembly (987ms)
		DisableScriptedObjects (57ms)
		CreateAndSetChildDomain (378ms)
	RebuildCommonClasses (120ms)
	RebuildNativeTypeToScriptingClass (18ms)
	initialDomainReloadingComplete (87ms)
	LoadAllAssembliesAndSetupDomain (58ms)
		LoadAssemblies (329ms)
		AnalyzeDomain (41ms)
			TypeCache.Refresh (14ms)
			BuildScriptInfoCaches (14ms)
			ResolveRequiredComponents (4ms)
	FinalizeReload (1621ms)
		SetupLoadedEditorAssemblies (0ms)
			InitializePlatformSupportModulesInManaged (4ms)
			BeforeProcessingInitializeOnLoad (329ms)
			ProcessInitializeOnLoadAttributes (562ms)
			ProcessInitializeOnLoadMethodAttributes (249ms)
			AfterProcessingInitializeOnLoad (35ms)
		AwakeInstancesAfterBackupRestoration (21ms)
Unloading 1 Unused Serialized files (Serialized files now loaded: 0)
Unloading 462 unused Assets / (50.0 KB). Loaded Objects now: 1072.
Memory consumption went from 70.5 MB to 70.4 MB.
Total: 12.902700 ms (FindLiveObjects: 0.667800 ms CreateObjectMapping: 0.111400 ms MarkObjects: 10.551800 ms  DeleteObjects: 1.565600 ms)

Prepare: number of updated asset objects reloaded= 0
